2026-01-24 12:31:51 | user=153 | LOGIN | SUCCESS | ip=0:0:0:0:0:0:0:1
2026-01-24 12:37:02 | user=153 | LOGIN | SUCCESS | ip=0:0:0:0:0:0:0:1
2026-01-24 12:37:18 | user=153 | LOGOUT | SUCCESS | session invalidated
2026-01-24 12:37:56 | user=153 | LOGIN | SUCCESS | ip=0:0:0:0:0:0:0:1
2026-01-24 12:37:59 | user=153 | LOGOUT | SUCCESS | session invalidated
2026-01-24 12:40:57 | user=153 | LOGIN | SUCCESS | ip=0:0:0:0:0:0:0:1
2026-01-24 12:41:09 | user=153 | LOGIN | SUCCESS | ip=0:0:0:0:0:0:0:1
2026-01-24 12:41:23 | user=153 | LOGOUT | SUCCESS | session invalidated
2026-01-24 13:07:50 | user=153 | LOGIN | SUCCESS | ip=0:0:0:0:0:0:0:1
2026-01-24 13:08:00 | user=153 | CREATE_POST | SUCCESS | postId=82
2026-01-24 15:40:28 | user=120 | Signup | failure | user already existsGOOGLE fromip=0:0:0:0:0:0:0:1
2026-01-24 15:49:05 | user=140 | Google login | success |  from  ip= 0:0:0:0:0:0:0:1
2026-01-24 15:50:32 | user=140 | Google login | success |  from  ip= 0:0:0:0:0:0:0:1
2026-01-24 15:51:50 | user=120 | Google login | success |  from  ip= 0:0:0:0:0:0:0:1
2026-01-24 15:55:24 | user=120 | LOGOUT | SUCCESS | session invalidated
2026-01-24 16:12:08 | user=-1 | Signup | success |  new user login from google  from  ip= 0:0:0:0:0:0:0:1
2026-01-24 16:14:34 | user=170 | Signup | success |  new user login from google  from  ip= 0:0:0:0:0:0:0:1
2026-01-24 16:15:54 | user=171 | Signup | success |  new user login from google  from  ip= 0:0:0:0:0:0:0:1
2026-01-24 16:17:39 | user=171 | Google login | success |  from  ip= 0:0:0:0:0:0:0:1
2026-01-24 16:18:05 | user=171 | Google login | success |  from  ip= 0:0:0:0:0:0:0:1
2026-01-24 16:19:35 | user=171 | Google login | success |  from  ip= 0:0:0:0:0:0:0:1
2026-01-24 16:20:28 | user=171 | LOGOUT | SUCCESS | session invalidated
2026-01-24 16:20:41 | user=171 | Google login | success |  from  ip= 0:0:0:0:0:0:0:1
2026-01-24 16:20:57 | user=140 | Google login | success |  from  ip= 0:0:0:0:0:0:0:1
2026-01-24 16:49:57 | user=171 | CREATE_POST | SUCCESS | postId=83
2026-01-24 16:50:27 | user=171 | LOGOUT | SUCCESS | session invalidated
2026-01-24 16:52:40 | user=171 | Google login | success |  from  ip= 0:0:0:0:0:0:0:1
2026-01-24 16:53:14 | user=153 | LOGIN | SUCCESS | ip=0:0:0:0:0:0:0:1
2026-01-24 16:53:26 | user=153 | comment creation  | SUCCESS | commentId=118
2026-01-24 16:53:34 | user=153 | EDIT_COMMENT | SUCCESS | commentId=118
2026-01-24 16:53:46 | user=153 | CREATE_POST | SUCCESS | postId=84
2026-01-24 16:57:29 | user=146 | LOGIN | SUCCESS | ip=0:0:0:0:0:0:0:1
2026-01-24 16:57:35 | user=146 | EDIT_POST | failure | postId=7
2026-01-24 16:57:35 | user=146 | EDIT_POST | SUCCESS | postId=7
2026-01-24 16:57:37 | user=146 | EDIT_POST | failure | postId=7
2026-01-24 16:57:37 | user=146 | EDIT_POST | SUCCESS | postId=7
2026-01-24 16:57:44 | user=146 | EDIT_POST | failure | postId=7
2026-01-24 16:57:44 | user=146 | EDIT_POST | SUCCESS | postId=7
2026-01-24 16:58:40 | user=146 | EDIT_COMMENT | failure | commentId=11
2026-01-24 19:11:24 | user=153 | LOGIN | SUCCESS | ip=0:0:0:0:0:0:0:1
2026-01-24 19:12:29 | user=153 | comment creation  | SUCCESS | commentId=119
2026-01-25 08:04:01 | user=153 | LOGIN | SUCCESS | ip=0:0:0:0:0:0:0:1
2026-01-25 08:04:03 | user=153 | LOGOUT | SUCCESS | session invalidated
2026-01-25 08:05:57 | user=171 | Google login | success |  from  ip= 0:0:0:0:0:0:0:1
2026-01-25 08:07:02 | user=171 | LOGOUT | SUCCESS | session invalidated
2026-01-25 08:07:04 | user=153 | LOGIN | SUCCESS | ip=0:0:0:0:0:0:0:1
2026-01-25 11:32:28 | user=153 | LOGIN | SUCCESS | ip=0:0:0:0:0:0:0:1
2026-01-25 11:32:40 | user=153 | LOGOUT | SUCCESS | session invalidated
2026-01-25 11:50:13 | user=153 | LOGIN | SUCCESS | ip=0:0:0:0:0:0:0:1
2026-01-25 11:50:36 | user=153 | LOGOUT | SUCCESS | session invalidated
2026-01-25 11:50:44 | user=153 | LOGIN | SUCCESS | ip=0:0:0:0:0:0:0:1
2026-01-25 11:51:37 | user=153 | comment creation  | SUCCESS | commentId=120
2026-01-25 11:51:57 | user=153 | EDIT_COMMENT | SUCCESS | commentId=120
2026-01-25 11:52:45 | user=153 | LOGOUT | SUCCESS | session invalidated
2026-01-25 11:59:25 | user=172 | Signup | SUCCESS | new user from   ip=0:0:0:0:0:0:0:1
2026-01-25 12:32:30 | user=173 | Signup | SUCCESS | new user from   ip=0:0:0:0:0:0:0:1
2026-01-25 12:32:34 | user=173 | LOGIN | SUCCESS | ip=0:0:0:0:0:0:0:1
2026-01-25 16:37:11 | user=145 | LOGIN | SUCCESS | ip=0:0:0:0:0:0:0:1
2026-01-25 16:45:12 | user=-1 | google signup | failure | ip=+request.getRemoteAddr()
2026-01-25 16:47:16 | user=174 | Signup | success |  new user login from google  from  ip= 0:0:0:0:0:0:0:1
2026-01-25 17:10:27 | user=174 | LOGOUT | SUCCESS | session invalidated
2026-01-25 17:10:54 | user=175 | Signup | SUCCESS | new user from   ip=0:0:0:0:0:0:0:1
2026-01-25 17:10:57 | user=175 | LOGIN | SUCCESS | ip=0:0:0:0:0:0:0:1
2026-01-25 17:11:08 | user=175 | CREATE_POST | SUCCESS | postId=85
2026-01-25 17:14:19 | user=175 | LOGIN | SUCCESS | ip=0:0:0:0:0:0:0:1
2026-01-25 17:14:47 | user=175 | LOGIN | SUCCESS | ip=0:0:0:0:0:0:0:1
2026-01-25 17:14:49 | user=175 | LOGIN | SUCCESS | ip=0:0:0:0:0:0:0:1
2026-01-25 17:14:59 | user=175 | LOGIN | SUCCESS | ip=0:0:0:0:0:0:0:1
2026-01-25 17:16:30 | user=175 | LOGIN | SUCCESS | ip=0:0:0:0:0:0:0:1
2026-01-25 17:18:24 | user=175 | LOGIN | SUCCESS | ip=0:0:0:0:0:0:0:1
2026-01-25 17:51:24 | user=175 | LOGOUT | SUCCESS | session invalidated
2026-01-25 17:51:38 | user=176 | Signup | success |  new user login from google  from  ip= 0:0:0:0:0:0:0:1
2026-01-25 17:51:50 | user=176 | CREATE_POST | SUCCESS | postId=86
2026-01-25 18:07:41 | user=176 | CREATE_POST | SUCCESS | postId=87
2026-01-25 18:10:46 | user=177 | Signup | success |  new user login from google  from  ip= 0:0:0:0:0:0:0:1
2026-01-25 18:11:01 | user=177 | CREATE_POST | SUCCESS | postId=88
2026-01-25 18:12:54 | user=176 | CREATE_POST | SUCCESS | postId=89
2026-01-25 18:13:10 | user=176 | CREATE_POST | SUCCESS | postId=90
2026-01-25 18:14:46 | user=177 | comment creation  | SUCCESS | commentId=121
2026-01-25 18:14:50 | user=177 | comment creation  | SUCCESS | commentId=122
2026-01-25 18:14:58 | user=177 | EDIT_COMMENT | SUCCESS | commentId=121
2026-01-25 18:15:05 | user=177 | comment creation  | SUCCESS | commentId=123
2026-01-25 18:16:49 | user=177 | Google login | success |  from  ip= 0:0:0:0:0:0:0:1
2026-01-25 18:17:01 | user=177 | Google login | success |  from  ip= 0:0:0:0:0:0:0:1
2026-01-25 18:17:11 | user=176 | LOGOUT | SUCCESS | session invalidated
2026-01-25 18:17:14 | user=175 | LOGIN | SUCCESS | ip=0:0:0:0:0:0:0:1
2026-01-25 18:17:28 | user=175 | LOGOUT | SUCCESS | session invalidated
2026-01-25 18:17:41 | user=176 | Google login | success |  from  ip= 0:0:0:0:0:0:0:1
2026-01-25 18:17:45 | user=175 | LOGIN | SUCCESS | ip=0:0:0:0:0:0:0:1
2026-01-25 18:17:53 | user=176 | Google login | success |  from  ip= 0:0:0:0:0:0:0:1
2026-01-25 18:18:12 | user=175 | LOGIN | SUCCESS | ip=0:0:0:0:0:0:0:1
2026-01-25 18:18:31 | user=175 | LOGOUT | SUCCESS | session invalidated
2026-01-25 18:18:54 | user=176 | Google login | success |  from  ip= 0:0:0:0:0:0:0:1
2026-01-25 18:19:25 | user=177 | Google login | success |  from  ip= 0:0:0:0:0:0:0:1
2026-01-25 18:19:37 | user=177 | Google login | success |  from  ip= 0:0:0:0:0:0:0:1
2026-01-25 18:19:54 | user=177 | Google login | success |  from  ip= 0:0:0:0:0:0:0:1
2026-01-25 18:20:16 | user=177 | Google login | success |  from  ip= 0:0:0:0:0:0:0:1
2026-01-25 18:20:31 | user=177 | Google login | success |  from  ip= 0:0:0:0:0:0:0:1
2026-01-25 18:21:44 | user=177 | CREATE_POST | SUCCESS | postId=91
2026-01-25 18:22:06 | user=177 | CREATE_POST | SUCCESS | postId=92
2026-01-25 18:22:15 | user=177 | LOGOUT | SUCCESS | session invalidated
2026-01-25 18:22:59 | user=178 | Signup | SUCCESS | new user from   ip=0:0:0:0:0:0:0:1
2026-01-25 18:23:04 | user=178 | LOGIN | SUCCESS | ip=0:0:0:0:0:0:0:1
2026-01-25 18:23:24 | user=178 | CREATE_POST | SUCCESS | postId=93
2026-01-25 18:26:56 | user=178 | LOGOUT | SUCCESS | session invalidated
2026-01-25 18:27:12 | user=177 | Google login | success |  from  ip= 0:0:0:0:0:0:0:1
2026-01-25 18:28:35 | user=177 | Google login | success |  from  ip= 0:0:0:0:0:0:0:1
2026-01-25 18:37:46 | user=178 | LOGIN | SUCCESS | ip=0:0:0:0:0:0:0:1
2026-01-25 18:41:18 | user=175 | LOGIN | SUCCESS | ip=0:0:0:0:0:0:0:1
2026-01-25 18:41:25 | user=175 | comment creation  | SUCCESS | commentId=124
2026-01-25 18:41:29 | user=175 | comment creation  | SUCCESS | commentId=125
2026-01-25 18:41:49 | user=175 | comment creation  | SUCCESS | commentId=126
2026-01-25 18:42:34 | user=175 | CREATE_POST | SUCCESS | postId=94
2026-01-25 18:46:43 | user=-1 | google signup | failure | ip=+request.getRemoteAddr()
2026-01-25 18:46:56 | user=176 | Google login | success |  from  ip= 0:0:0:0:0:0:0:1
2026-01-25 18:47:12 | user=176 | comment creation  | SUCCESS | commentId=127
2026-01-25 18:47:23 | user=176 | CREATE_POST | SUCCESS | postId=95
2026-01-25 18:47:40 | user=176 | EDIT_POST | SUCCESS | postId=95
2026-01-25 18:47:45 | user=176 | comment creation  | SUCCESS | commentId=128
2026-01-25 18:48:31 | user=176 | EDIT_COMMENT | SUCCESS | commentId=128
2026-01-25 18:53:02 | user=unknown | LOGIN | FAIL | Login error
2026-01-25 18:53:04 | user=175 | LOGIN | SUCCESS | ip=0:0:0:0:0:0:0:1
2026-01-25 18:53:21 | user=175 | CREATE_POST | SUCCESS | postId=96
2026-01-25 18:56:46 | user=unknown | LOGIN | FAIL | Login error
2026-01-25 18:56:48 | user=175 | LOGIN | SUCCESS | ip=0:0:0:0:0:0:0:1
2026-01-25 19:00:00 | user=unknown | LOGIN | FAIL | Login error
2026-01-25 19:00:02 | user=175 | LOGIN | SUCCESS | ip=0:0:0:0:0:0:0:1
2026-01-25 19:00:20 | user=175 | comment creation  | SUCCESS | commentId=129
2026-01-25 19:01:00 | user=unknown | LOGIN | FAIL | Login error
2026-01-25 19:01:02 | user=175 | LOGIN | SUCCESS | ip=0:0:0:0:0:0:0:1
2026-01-25 19:01:14 | user=175 | CREATE_POST | SUCCESS | postId=97
2026-01-25 19:02:32 | user=unknown | LOGIN | FAIL | Login error
2026-01-25 19:02:34 | user=175 | LOGIN | SUCCESS | ip=0:0:0:0:0:0:0:1
2026-01-25 19:04:09 | user=unknown | LOGIN | FAIL | Login error
2026-01-25 19:04:11 | user=175 | LOGIN | SUCCESS | ip=0:0:0:0:0:0:0:1
2026-01-25 19:05:35 | user=unknown | LOGIN | FAIL | Login error
2026-01-25 19:05:37 | user=175 | LOGIN | SUCCESS | ip=0:0:0:0:0:0:0:1
2026-01-25 19:07:00 | user=unknown | LOGIN | FAIL | Login error
2026-01-25 19:07:02 | user=175 | LOGIN | SUCCESS | ip=0:0:0:0:0:0:0:1
2026-01-25 19:09:16 | user=unknown | LOGIN | FAIL | Login error
2026-01-25 19:09:18 | user=175 | LOGIN | SUCCESS | ip=0:0:0:0:0:0:0:1
2026-01-25 19:09:22 | user=175 | DELETE_POST | SUCCESS | postId=97
2026-01-25 19:09:28 | user=175 | DELETE_POST | SUCCESS | postId=96
2026-01-25 19:09:58 | user=175 | DELETE_POST | SUCCESS | postId=94
2026-01-25 19:10:18 | user=175 | comment creation  | SUCCESS | commentId=130
2026-01-25 19:10:21 | user=175 | DELETE_COMMENT | SUCCESS | commentId=130
2026-01-25 19:10:31 | user=175 | CREATE_POST | SUCCESS | postId=98
2026-01-25 19:10:35 | user=175 | DELETE_POST | SUCCESS | postId=98
2026-01-25 19:10:44 | user=175 | DELETE_COMMENT | SUCCESS | commentId=124
2026-01-25 19:10:48 | user=175 | DELETE_COMMENT | SUCCESS | commentId=125
2026-01-25 19:11:03 | user=178 | LOGIN | SUCCESS | ip=0:0:0:0:0:0:0:1
2026-01-25 19:11:11 | user=178 | DELETE_POST | SUCCESS | postId=93
2026-01-25 19:11:40 | user=178 | LOGIN | SUCCESS | ip=0:0:0:0:0:0:0:1
2026-01-25 19:11:49 | user=178 | comment creation  | SUCCESS | commentId=131
2026-01-25 19:11:52 | user=178 | DELETE_COMMENT | SUCCESS | commentId=131
2026-01-25 19:11:56 | user=178 | comment creation  | SUCCESS | commentId=132
2026-01-25 19:12:00 | user=178 | EDIT_COMMENT | SUCCESS | commentId=132
2026-01-25 19:12:18 | user=178 | CREATE_POST | SUCCESS | postId=99
2026-01-25 19:12:24 | user=178 | DELETE_POST | SUCCESS | postId=99
2026-01-25 19:12:47 | user=178 | DELETE_COMMENT | SUCCESS | commentId=132
2026-01-25 19:18:04 | user=175 | LOGOUT | SUCCESS | session invalidated
2026-01-25 19:18:22 | user=176 | Google login | success |  from  ip= 0:0:0:0:0:0:0:1
2026-01-25 19:18:28 | user=176 | LOGOUT | SUCCESS | session invalidated
2026-01-25 19:22:28 | user=176 | Google login | success |  from  ip= 0:0:0:0:0:0:0:1
2026-01-25 19:22:33 | user=176 | LOGOUT | SUCCESS | session invalidated
2026-01-25 19:23:25 | user=176 | Google login | success |  from  ip= 0:0:0:0:0:0:0:1
2026-01-25 19:26:47 | user=176 | LOGOUT | SUCCESS | session invalidated
2026-01-25 19:27:07 | user=179 | Signup | SUCCESS | new user from   ip=0:0:0:0:0:0:0:1
2026-01-25 19:27:10 | user=179 | LOGIN | SUCCESS | ip=0:0:0:0:0:0:0:1
2026-01-25 19:27:19 | user=179 | CREATE_POST | SUCCESS | postId=100
2026-01-25 19:29:37 | user=179 | DELETE_POST | SUCCESS | postId=100
2026-01-25 19:30:13 | user=179 | LOGOUT | SUCCESS | session invalidated
2026-01-25 19:30:15 | user=179 | LOGIN | SUCCESS | ip=0:0:0:0:0:0:0:1
2026-01-25 19:32:16 | user=179 | comment creation  | SUCCESS | commentId=133
2026-01-25 19:32:20 | user=179 | EDIT_COMMENT | SUCCESS | commentId=133
2026-01-25 19:32:23 | user=179 | DELETE_COMMENT | SUCCESS | commentId=133
2026-01-25 19:53:37 | user=178 | LOGOUT | SUCCESS | session invalidated
2026-01-26 07:16:53 | user=unknown | LOGIN | FAIL | Login error
2026-01-26 07:16:54 | user=179 | LOGIN | SUCCESS | ip=0:0:0:0:0:0:0:1
2026-01-26 07:17:04 | user=179 | comment creation  | SUCCESS | commentId=134
2026-01-26 08:16:19 | user=unknown | LOGIN | FAIL | Login error
2026-01-26 08:16:20 | user=179 | LOGIN | SUCCESS | ip=0:0:0:0:0:0:0:1
2026-01-26 08:16:50 | user=unknown | LOGIN | FAIL | Login error
2026-01-26 08:16:51 | user=179 | LOGIN | SUCCESS | ip=0:0:0:0:0:0:0:1
2026-01-26 08:20:52 | user=unknown | LOGIN | FAIL | Login error
2026-01-26 08:20:54 | user=179 | LOGIN | SUCCESS | ip=0:0:0:0:0:0:0:1
2026-01-26 11:22:16 | user=unknown | LOGIN | FAIL | Login error
2026-01-26 11:22:20 | user=179 | LOGIN | SUCCESS | ip=0:0:0:0:0:0:0:1
2026-01-26 11:36:42 | user=179 | LOGOUT | SUCCESS | session invalidated
2026-01-26 11:41:36 | user=unknown | LOGIN | FAIL | Login error
2026-01-26 11:41:38 | user=179 | LOGIN | SUCCESS | ip=0:0:0:0:0:0:0:1
2026-01-26 11:45:01 | user=unknown | LOGIN | FAIL | Login error
2026-01-26 11:45:02 | user=179 | LOGIN | SUCCESS | ip=0:0:0:0:0:0:0:1
2026-01-26 11:45:49 | user=unknown | LOGIN | FAIL | Login error
2026-01-26 11:47:58 | user=unknown | LOGIN | FAIL | Login error
2026-01-26 11:48:00 | user=179 | LOGIN | SUCCESS | ip=0:0:0:0:0:0:0:1
2026-01-26 11:48:00 | user=179 | LOGIN | SUCCESS | ip=0:0:0:0:0:0:0:1
2026-01-26 11:50:28 | user=unknown | LOGIN | FAIL | Login error
2026-01-26 11:50:31 | user=179 | LOGIN | SUCCESS | ip=0:0:0:0:0:0:0:1
2026-01-26 13:25:05 | user=179 | LOGIN | SUCCESS | ip=0:0:0:0:0:0:0:1
2026-01-26 13:38:22 | user=unknown | LOGIN | FAIL | Login error
2026-01-26 13:38:24 | user=179 | LOGIN | SUCCESS | ip=0:0:0:0:0:0:0:1
2026-01-26 13:39:00 | user=146 | LOGIN | SUCCESS | ip=0:0:0:0:0:0:0:1
2026-01-26 13:39:08 | user=unknown | LOGIN | FAIL | not entered the valid information
2026-01-26 13:39:49 | user=unknown | LOGIN | FAIL | not entered the valid information
2026-01-26 13:42:54 | user=unknown | LOGIN | FAIL | not entered the valid information
2026-01-26 13:42:59 | user=unknown | LOGIN | FAIL | not entered the valid information
2026-01-26 13:43:01 | user=unknown | LOGIN | FAIL | not entered the valid information
2026-01-26 13:43:07 | user=146 | LOGIN | SUCCESS | ip=0:0:0:0:0:0:0:1
2026-01-26 13:43:30 | user=146 | LOGIN | SUCCESS | ip=0:0:0:0:0:0:0:1
2026-01-26 13:43:32 | user=146 | LOGIN | SUCCESS | ip=0:0:0:0:0:0:0:1
2026-01-26 13:43:45 | user=146 | LOGIN | SUCCESS | ip=0:0:0:0:0:0:0:1
2026-01-26 13:43:48 | user=146 | LOGIN | SUCCESS | ip=0:0:0:0:0:0:0:1
2026-01-26 13:43:49 | user=146 | LOGIN | SUCCESS | ip=0:0:0:0:0:0:0:1
2026-01-26 13:43:59 | user=unknown | LOGIN | FAIL | Login error
2026-01-26 13:44:05 | user=146 | LOGIN | SUCCESS | ip=0:0:0:0:0:0:0:1
2026-01-26 13:44:13 | user=146 | LOGIN | SUCCESS | ip=0:0:0:0:0:0:0:1
2026-01-26 13:44:15 | user=146 | LOGIN | SUCCESS | ip=0:0:0:0:0:0:0:1
2026-01-26 13:45:10 | user=146 | LOGIN | SUCCESS | ip=0:0:0:0:0:0:0:1
2026-01-26 13:45:15 | user=146 | LOGIN | SUCCESS | ip=0:0:0:0:0:0:0:1
2026-01-26 13:45:19 | user=146 | LOGIN | SUCCESS | ip=0:0:0:0:0:0:0:1
2026-01-26 13:46:24 | user=146 | LOGOUT | SUCCESS | session invalidated
2026-01-26 13:46:30 | user=146 | LOGIN | SUCCESS | ip=0:0:0:0:0:0:0:1
2026-01-26 13:46:31 | user=146 | LOGIN | SUCCESS | ip=0:0:0:0:0:0:0:1
2026-01-26 13:46:39 | user=146 | LOGOUT | SUCCESS | session invalidated
2026-01-26 13:46:48 | user=146 | LOGIN | SUCCESS | ip=0:0:0:0:0:0:0:1
2026-01-26 13:46:58 | user=146 | LOGOUT | SUCCESS | session invalidated
2026-01-26 13:47:03 | user=unknown | LOGIN | FAIL | not entered the valid information
2026-01-26 13:47:05 | user=unknown | LOGIN | FAIL | not entered the valid information
2026-01-26 13:48:00 | user=unknown | LOGIN | FAIL | not entered the valid information
2026-01-26 13:48:04 | user=unknown | LOGIN | FAIL | not entered the valid information
2026-01-26 13:48:06 | user=unknown | LOGIN | FAIL | not entered the valid information
2026-01-26 13:50:15 | user=unknown | LOGIN | FAIL | not entered the valid information
2026-01-26 13:50:17 | user=unknown | LOGIN | FAIL | not entered the valid information
2026-01-26 13:50:37 | user=unknown | LOGIN | FAIL | Login error
2026-01-26 13:50:44 | user=unknown | LOGIN | FAIL | not entered the valid information
2026-01-26 13:50:47 | user=unknown | LOGIN | FAIL | not entered the valid information
2026-01-26 13:51:10 | user=unknown | LOGIN | FAIL | not entered the valid information
2026-01-26 13:51:12 | user=unknown | LOGIN | FAIL | not entered the valid information
2026-01-26 13:52:14 | user=unknown | LOGIN | FAIL | not entered the valid information
2026-01-26 13:52:16 | user=unknown | LOGIN | FAIL | not entered the valid information
2026-01-26 13:57:03 | user=unknown | LOGIN | FAIL | Login error
2026-01-26 13:57:19 | user=146 | LOGIN | SUCCESS | ip=0:0:0:0:0:0:0:1
2026-01-26 13:57:29 | user=146 | LOGIN | SUCCESS | ip=0:0:0:0:0:0:0:1
2026-01-26 13:58:26 | user=179 | LOGIN | SUCCESS | ip=0:0:0:0:0:0:0:1
2026-01-26 13:59:03 | user=146 | LOGOUT | SUCCESS | session invalidated
2026-01-26 13:59:10 | user=146 | LOGIN | SUCCESS | ip=0:0:0:0:0:0:0:1
2026-01-26 13:59:12 | user=146 | LOGIN | SUCCESS | ip=0:0:0:0:0:0:0:1
2026-01-26 14:00:18 | user=146 | LOGIN | SUCCESS | ip=0:0:0:0:0:0:0:1
2026-01-26 14:01:02 | user=146 | LOGIN | SUCCESS | ip=0:0:0:0:0:0:0:1
2026-01-26 14:01:27 | user=unknown | LOGIN | FAIL | Login error
2026-01-26 14:01:34 | user=146 | LOGIN | SUCCESS | ip=0:0:0:0:0:0:0:1
2026-01-26 14:02:40 | user=unknown | LOGIN | FAIL | Login error
2026-01-26 14:02:42 | user=146 | LOGIN | SUCCESS | ip=0:0:0:0:0:0:0:1
2026-01-26 14:04:08 | user=unknown | LOGIN | FAIL | Login error
2026-01-26 14:04:10 | user=146 | LOGIN | SUCCESS | ip=0:0:0:0:0:0:0:1
2026-01-26 14:04:34 | user=unknown | LOGIN | FAIL | Login error
2026-01-26 14:04:36 | user=unknown | LOGIN | FAIL | not entered the valid information
2026-01-26 14:04:46 | user=unknown | LOGIN | FAIL | not entered the valid information
2026-01-26 14:04:48 | user=unknown | LOGIN | FAIL | not entered the valid information
2026-01-26 14:04:57 | user=unknown | LOGIN | FAIL | not entered the valid information
2026-01-26 14:06:37 | user=unknown | LOGIN | FAIL | Login error
2026-01-26 14:06:39 | user=unknown | LOGIN | FAIL | not entered the valid information
2026-01-26 14:08:05 | user=unknown | LOGIN | FAIL | Login error
2026-01-26 14:08:07 | user=unknown | LOGIN | FAIL | not entered the valid information
2026-01-26 14:17:18 | user=unknown | LOGIN | FAIL | Login error
2026-01-26 14:17:21 | user=unknown | LOGIN | FAIL | not entered the valid information
2026-01-26 14:17:26 | user=146 | LOGIN | SUCCESS | ip=0:0:0:0:0:0:0:1
2026-01-26 14:22:39 | user=unknown | LOGIN | FAIL | Login error
2026-01-26 14:23:06 | user=146 | LOGIN | SUCCESS | ip=0:0:0:0:0:0:0:1
2026-01-26 14:29:17 | user=unknown | LOGIN | FAIL | Login error
2026-01-26 14:29:19 | user=146 | LOGIN | SUCCESS | ip=0:0:0:0:0:0:0:1
2026-01-26 14:30:39 | user=179 | LOGIN | SUCCESS | ip=0:0:0:0:0:0:0:1
2026-01-26 14:30:41 | user=179 | LOGOUT | SUCCESS | session invalidated
2026-01-26 14:30:52 | user=176 | Google login | success |  from  ip= 0:0:0:0:0:0:0:1
2026-01-26 14:36:24 | user=unknown | LOGIN | FAIL | Login error
2026-01-26 14:36:26 | user=179 | LOGIN | SUCCESS | ip=0:0:0:0:0:0:0:1
2026-01-26 14:36:26 | user=179 | LOGIN | SUCCESS | ip=0:0:0:0:0:0:0:1
2026-01-26 14:36:39 | user=179 | LOGIN | SUCCESS | ip=0:0:0:0:0:0:0:1
2026-01-26 14:37:11 | user=179 | LOGIN | SUCCESS | ip=0:0:0:0:0:0:0:1
2026-01-26 14:37:57 | user=unknown | LOGIN | FAIL | Login error
2026-01-26 14:38:06 | user=179 | LOGIN | SUCCESS | ip=0:0:0:0:0:0:0:1
2026-01-26 14:39:33 | user=179 | LOGIN | SUCCESS | ip=0:0:0:0:0:0:0:1
2026-01-26 14:45:04 | user=unknown | LOGIN | FAIL | Login error
2026-01-26 14:45:06 | user=179 | LOGIN | SUCCESS | ip=0:0:0:0:0:0:0:1
2026-01-26 14:45:19 | user=179 | LOGIN | SUCCESS | ip=0:0:0:0:0:0:0:1
2026-01-26 14:47:28 | user=179 | LOGIN | SUCCESS | ip=0:0:0:0:0:0:0:1
2026-01-26 14:47:31 | user=179 | LOGOUT | SUCCESS | session invalidated
2026-01-26 14:47:55 | user=179 | LOGIN | SUCCESS | ip=0:0:0:0:0:0:0:1
2026-01-26 14:47:57 | user=179 | LOGOUT | SUCCESS | session invalidated
2026-01-26 15:41:50 | user=unknown | LOGIN | FAIL | Login error
2026-01-26 15:41:53 | user=179 | LOGIN | SUCCESS | ip=0:0:0:0:0:0:0:1
2026-01-26 15:42:03 | user=179 | CREATE_POST | SUCCESS | postId=101
2026-01-26 15:55:37 | user=unknown | LOGIN | FAIL | Login error
2026-01-26 15:56:10 | user=179 | LOGIN | SUCCESS | ip=0:0:0:0:0:0:0:1
2026-01-26 15:56:22 | user=179 | CREATE_POST | SUCCESS | postId=102
2026-01-26 15:59:51 | user=179 | CREATE_POST | SUCCESS | postId=103
2026-01-26 15:59:59 | user=179 | CREATE_POST | SUCCESS | postId=104
2026-01-26 16:00:38 | user=179 | DELETE_POST | SUCCESS | postId=104
2026-01-26 16:00:43 | user=179 | DELETE_POST | SUCCESS | postId=103
2026-01-26 16:00:52 | user=179 | CREATE_POST | SUCCESS | postId=105
2026-01-26 16:06:08 | user=unknown | LOGIN | FAIL | Login error
2026-01-26 16:06:23 | user=179 | LOGIN | SUCCESS | ip=0:0:0:0:0:0:0:1
2026-01-26 16:06:33 | user=179 | CREATE_POST | SUCCESS | postId=106
2026-01-26 16:09:13 | user=unknown | LOGIN | FAIL | Login error
2026-01-26 16:09:16 | user=179 | LOGIN | SUCCESS | ip=0:0:0:0:0:0:0:1
2026-01-26 16:09:26 | user=179 | CREATE_POST | SUCCESS | postId=107
2026-01-26 17:07:19 | user=unknown | Signup | faliure | ip=0:0:0:0:0:0:0:1
2026-01-26 17:08:46 | user=unknown | Signup | faliure | ip=0:0:0:0:0:0:0:1
2026-01-26 17:13:09 | user=unknown | Signup | faliure | ip=0:0:0:0:0:0:0:1
2026-01-26 17:42:41 | user=unknown | Signup | faliure | ip=0:0:0:0:0:0:0:1
2026-01-26 17:42:44 | user=150 | Signup | failure | user already exists  LOCAL from  ip= 0:0:0:0:0:0:0:1
2026-01-26 17:42:49 | user=180 | Signup | SUCCESS | new user from   ip=0:0:0:0:0:0:0:1
2026-01-26 17:42:52 | user=179 | LOGIN | SUCCESS | ip=0:0:0:0:0:0:0:1
2026-01-26 17:42:57 | user=179 | LOGOUT | SUCCESS | session invalidated
2026-01-26 17:43:14 | user=181 | Signup | SUCCESS | new user from   ip=0:0:0:0:0:0:0:1
2026-01-26 17:43:17 | user=181 | LOGIN | SUCCESS | ip=0:0:0:0:0:0:0:1
2026-01-26 17:43:57 | user=181 | CREATE_POST | SUCCESS | postId=108
2026-01-26 17:44:05 | user=181 | DELETE_POST | SUCCESS | postId=108
2026-01-26 17:45:40 | user=150 | Signup | failure | user already exists  LOCAL from  ip= 0:0:0:0:0:0:0:1
2026-01-26 17:45:41 | user=150 | Signup | failure | user already exists  LOCAL from  ip= 0:0:0:0:0:0:0:1
2026-01-26 17:46:26 | user=150 | Signup | failure | user already exists  LOCAL from  ip= 0:0:0:0:0:0:0:1
2026-01-26 17:47:43 | user=unknown | Signup | faliure | ip=0:0:0:0:0:0:0:1
2026-01-26 17:50:57 | user=unknown | Signup | faliure | ip=0:0:0:0:0:0:0:1
2026-01-26 17:53:48 | user=unknown | Signup | faliure | ip=0:0:0:0:0:0:0:1
2026-01-26 17:53:51 | user=150 | Signup | failure | user already exists  LOCAL from  ip= 0:0:0:0:0:0:0:1
2026-01-26 17:57:16 | user=unknown | Signup | faliure | ip=0:0:0:0:0:0:0:1
2026-01-26 17:57:22 | user=150 | Signup | failure | user already exists  LOCAL from  ip= 0:0:0:0:0:0:0:1
2026-01-26 17:57:27 | user=150 | Signup | failure | user already exists  LOCAL from  ip= 0:0:0:0:0:0:0:1
2026-01-26 17:57:35 | user=150 | Signup | failure | user already exists  LOCAL from  ip= 0:0:0:0:0:0:0:1
2026-01-26 17:57:56 | user=181 | LOGIN | SUCCESS | ip=0:0:0:0:0:0:0:1
2026-01-26 17:58:11 | user=181 | CREATE_POST | SUCCESS | postId=109
2026-01-26 17:58:18 | user=181 | comment creation  | SUCCESS | commentId=135
2026-01-26 17:58:24 | user=181 | EDIT_POST | SUCCESS | postId=109
2026-01-26 17:58:27 | user=181 | DELETE_COMMENT | SUCCESS | commentId=135
2026-01-26 17:58:31 | user=181 | DELETE_POST | SUCCESS | postId=109
2026-01-26 17:58:41 | user=181 | LOGOUT | SUCCESS | session invalidated
2026-01-26 17:59:09 | user=182 | Signup | SUCCESS | new user from   ip=0:0:0:0:0:0:0:1
2026-01-26 17:59:13 | user=182 | LOGIN | SUCCESS | ip=0:0:0:0:0:0:0:1
2026-01-26 17:59:23 | user=182 | CREATE_POST | SUCCESS | postId=110
2026-01-26 17:59:35 | user=182 | DELETE_POST | SUCCESS | postId=110
2026-01-26 17:59:38 | user=182 | LOGOUT | SUCCESS | session invalidated
2026-01-26 17:59:51 | user=176 | Google login | success |  from  ip= 0:0:0:0:0:0:0:1
2026-01-26 17:59:54 | user=176 | LOGOUT | SUCCESS | session invalidated
2026-01-26 18:00:07 | user=176 | Google login | success |  from  ip= 0:0:0:0:0:0:0:1
2026-01-26 18:04:21 | user=176 | CREATE_POST | SUCCESS | postId=111
2026-01-26 18:04:38 | user=176 | DELETE_POST | SUCCESS | postId=111
2026-01-26 18:36:19 | user=unknown | LOGIN | FAIL | Login error
2026-01-26 18:36:22 | user=182 | LOGIN | SUCCESS | ip=0:0:0:0:0:0:0:1
2026-01-27 05:59:49 | user=unknown | LOGIN | FAIL | Login error
2026-01-27 05:59:51 | user=182 | LOGIN | SUCCESS | ip=0:0:0:0:0:0:0:1
2026-01-27 05:59:51 | user=182 | LOGIN | SUCCESS | ip=0:0:0:0:0:0:0:1
2026-01-27 06:05:02 | user=unknown | LOGIN | FAIL | Login error
2026-01-27 06:05:04 | user=182 | LOGIN | SUCCESS | ip=0:0:0:0:0:0:0:1
2026-01-27 06:07:00 | user=unknown | LOGIN | FAIL | Login error
2026-01-27 06:07:02 | user=182 | LOGIN | SUCCESS | ip=0:0:0:0:0:0:0:1
2026-01-27 06:12:43 | user=unknown | LOGIN | FAIL | Login error
2026-01-27 06:12:53 | user=146 | LOGIN | SUCCESS | ip=0:0:0:0:0:0:0:1
2026-01-27 06:13:45 | user=unknown | LOGIN | FAIL | Login error
2026-01-27 06:13:46 | user=146 | LOGIN | SUCCESS | ip=0:0:0:0:0:0:0:1
2026-01-27 06:14:34 | user=unknown | LOGIN | FAIL | Login error
2026-01-27 06:14:36 | user=146 | LOGIN | SUCCESS | ip=0:0:0:0:0:0:0:1
2026-01-27 06:17:46 | user=unknown | LOGIN | FAIL | Login error
2026-01-27 06:17:48 | user=182 | LOGIN | SUCCESS | ip=0:0:0:0:0:0:0:1
2026-01-27 06:20:53 | user=unknown | LOGIN | FAIL | Login error
2026-01-27 06:20:56 | user=146 | LOGIN | SUCCESS | ip=0:0:0:0:0:0:0:1
2026-01-27 06:25:24 | user=unknown | LOGIN | FAIL | Login error
2026-01-27 06:25:26 | user=146 | LOGIN | SUCCESS | ip=0:0:0:0:0:0:0:1
2026-01-27 06:27:19 | user=182 | LOGIN | SUCCESS | ip=0:0:0:0:0:0:0:1
2026-01-27 06:36:48 | user=unknown | LOGIN | FAIL | Login error
2026-01-27 06:36:50 | user=182 | LOGIN | SUCCESS | ip=0:0:0:0:0:0:0:1
2026-01-27 06:36:56 | user=182 | CREATE_POST | SUCCESS | postId=112
2026-01-27 06:38:53 | user=unknown | LOGIN | FAIL | Login error
2026-01-27 06:38:55 | user=182 | LOGIN | SUCCESS | ip=0:0:0:0:0:0:0:1
2026-01-27 06:39:03 | user=182 | CREATE_POST | SUCCESS | postId=113
2026-01-27 06:39:32 | user=146 | LOGIN | SUCCESS | ip=0:0:0:0:0:0:0:1
2026-01-27 06:39:37 | user=146 | CREATE_POST | SUCCESS | postId=114
2026-01-27 06:39:39 | user=146 | CREATE_POST | SUCCESS | postId=115
2026-01-27 06:39:54 | user=146 | CREATE_POST | SUCCESS | postId=116
2026-01-27 06:39:59 | user=146 | LOGIN | SUCCESS | ip=0:0:0:0:0:0:0:1
2026-01-27 06:40:06 | user=146 | CREATE_POST | SUCCESS | postId=117
2026-01-27 06:44:45 | user=146 | CREATE_POST | SUCCESS | postId=118
2026-01-27 06:47:25 | user=146 | CREATE_POST | SUCCESS | postId=119
2026-01-27 06:48:58 | user=unknown | LOGIN | FAIL | Login error
2026-01-27 06:49:00 | user=146 | LOGIN | SUCCESS | ip=0:0:0:0:0:0:0:1
2026-01-27 06:49:47 | user=146 | CREATE_POST | SUCCESS | postId=120
2026-01-27 06:49:48 | user=146 | CREATE_POST | SUCCESS | postId=121
2026-01-27 06:49:58 | user=182 | LOGIN | SUCCESS | ip=0:0:0:0:0:0:0:1
2026-01-27 06:52:07 | user=182 | CREATE_POST | SUCCESS | postId=122
2026-01-27 06:54:02 | user=182 | DELETE_POST | SUCCESS | postId=113
2026-01-27 06:54:05 | user=182 | DELETE_POST | SUCCESS | postId=112
2026-01-27 11:19:37 | user=unknown | LOGIN | FAIL | Login error
2026-01-27 11:19:38 | user=182 | LOGIN | SUCCESS | ip=0:0:0:0:0:0:0:1
2026-01-27 11:20:52 | user=182 | CREATE_POST | SUCCESS | postId=123
2026-01-27 11:20:56 | user=182 | DELETE_POST | SUCCESS | postId=123
2026-01-27 11:21:00 | user=182 | comment creation  | SUCCESS | commentId=136
2026-01-27 11:21:03 | user=182 | EDIT_COMMENT | SUCCESS | commentId=136
2026-01-27 11:21:10 | user=182 | DELETE_COMMENT | SUCCESS | commentId=136
2026-01-27 11:21:14 | user=182 | DELETE_POST | SUCCESS | postId=122
2026-01-27 11:21:16 | user=182 | LOGOUT | SUCCESS | session invalidated
2026-01-27 11:21:17 | user=182 | LOGIN | SUCCESS | ip=0:0:0:0:0:0:0:1
2026-01-27 11:21:19 | user=182 | LOGOUT | SUCCESS | session invalidated
2026-01-27 11:21:31 | user=176 | Google login | success |  from  ip= 0:0:0:0:0:0:0:1
2026-01-27 11:21:34 | user=176 | LOGOUT | SUCCESS | session invalidated
2026-01-27 11:22:02 | user=183 | Signup | SUCCESS | new user from   ip=0:0:0:0:0:0:0:1
2026-01-27 11:22:07 | user=183 | LOGIN | SUCCESS | ip=0:0:0:0:0:0:0:1
2026-01-27 11:22:20 | user=183 | CREATE_POST | SUCCESS | postId=124
2026-01-27 11:22:28 | user=183 | LOGOUT | SUCCESS | session invalidated
2026-01-27 11:22:38 | user=176 | Google login | success |  from  ip= 0:0:0:0:0:0:0:1
2026-01-27 11:22:47 | user=176 | CREATE_POST | SUCCESS | postId=125
2026-01-27 11:22:58 | user=176 | LOGOUT | SUCCESS | session invalidated
2026-01-27 11:23:03 | user=183 | LOGIN | SUCCESS | ip=0:0:0:0:0:0:0:1
2026-01-27 11:23:11 | user=183 | LOGOUT | SUCCESS | session invalidated
2026-01-27 11:23:13 | user=183 | LOGIN | SUCCESS | ip=0:0:0:0:0:0:0:1
2026-01-27 13:36:32 | user=183 | LOGIN | SUCCESS | ip=0:0:0:0:0:0:0:1
2026-01-27 14:19:36 | user=183 | LOGIN | SUCCESS | ip=0:0:0:0:0:0:0:1
2026-01-27 14:19:53 | user=183 | LOGOUT | SUCCESS | session invalidated
2026-01-27 14:19:55 | user=183 | LOGIN | SUCCESS | ip=0:0:0:0:0:0:0:1
2026-01-27 14:19:57 | user=183 | LOGOUT | SUCCESS | session invalidated
2026-01-27 14:20:11 | user=183 | LOGIN | SUCCESS | ip=0:0:0:0:0:0:0:1
2026-01-27 14:20:30 | user=183 | comment creation  | SUCCESS | commentId=137
2026-01-27 14:22:50 | user=183 | comment creation  | SUCCESS | commentId=138
2026-01-27 14:26:18 | user=183 | LOGOUT | SUCCESS | session invalidated
2026-01-27 14:42:40 | user=183 | LOGIN | SUCCESS | ip=0:0:0:0:0:0:0:1
2026-01-27 14:42:55 | user=183 | LOGOUT | SUCCESS | session invalidated
2026-01-27 14:45:38 | user=184 | Signup | SUCCESS | new user from   ip=0:0:0:0:0:0:0:1
2026-01-27 14:45:41 | user=184 | LOGIN | SUCCESS | ip=0:0:0:0:0:0:0:1
2026-01-27 14:45:49 | user=184 | CREATE_POST | SUCCESS | postId=126
2026-01-27 14:45:52 | user=184 | LOGOUT | SUCCESS | session invalidated
2026-01-27 14:54:39 | user=176 | Google login | success |  from  ip= 0:0:0:0:0:0:0:1
2026-01-27 14:54:43 | user=176 | LOGOUT | SUCCESS | session invalidated
2026-01-27 14:54:59 | user=185 | Signup | SUCCESS | new user from   ip=0:0:0:0:0:0:0:1
2026-01-27 14:55:04 | user=185 | LOGIN | SUCCESS | ip=0:0:0:0:0:0:0:1
2026-01-27 14:57:12 | user=146 | LOGIN | SUCCESS | ip=0:0:0:0:0:0:0:1
2026-01-27 14:57:21 | user=146 | CREATE_POST | SUCCESS | postId=127
2026-01-27 14:58:51 | user=185 | CREATE_POST | SUCCESS | postId=128
2026-01-27 15:05:58 | user=unknown | LOGIN | FAIL | Login error
2026-01-27 15:05:59 | user=185 | LOGIN | SUCCESS | ip=0:0:0:0:0:0:0:1
2026-01-27 15:06:46 | user=unknown | LOGIN | FAIL | Login error
2026-01-27 15:06:48 | user=185 | LOGIN | SUCCESS | ip=0:0:0:0:0:0:0:1
2026-01-27 15:15:05 | user=unknown | LOGIN | FAIL | Login error
2026-01-27 15:15:07 | user=185 | LOGIN | SUCCESS | ip=0:0:0:0:0:0:0:1
2026-01-27 15:18:14 | user=185 | DELETE_POST | SUCCESS | postId=128
2026-01-27 15:19:23 | user=185 | CREATE_POST | SUCCESS | postId=129
2026-01-27 15:19:36 | user=185 | DELETE_POST | SUCCESS | postId=129
2026-01-27 15:22:06 | user=185 | comment creation  | SUCCESS | commentId=139
2026-01-27 15:28:06 | user=unknown | LOGIN | FAIL | Login error
2026-01-27 15:28:08 | user=185 | LOGIN | SUCCESS | ip=0:0:0:0:0:0:0:1
2026-01-27 15:29:20 | user=unknown | LOGIN | FAIL | Login error
2026-01-27 15:29:21 | user=185 | LOGIN | SUCCESS | ip=0:0:0:0:0:0:0:1
2026-01-27 15:29:26 | user=185 | comment creation  | SUCCESS | commentId=140
2026-01-27 15:29:30 | user=185 | comment creation  | SUCCESS | commentId=141
2026-01-27 15:29:33 | user=185 | comment creation  | SUCCESS | commentId=142
2026-01-27 15:29:38 | user=185 | comment creation  | SUCCESS | commentId=143
2026-01-27 15:29:47 | user=185 | DELETE_COMMENT | SUCCESS | commentId=139
2026-01-27 15:32:28 | user=185 | DELETE_COMMENT | SUCCESS | commentId=140
2026-01-27 15:32:30 | user=185 | DELETE_COMMENT | SUCCESS | commentId=141
2026-01-27 15:45:38 | user=unknown | LOGIN | FAIL | Login error
2026-01-27 15:45:39 | user=185 | LOGIN | SUCCESS | ip=0:0:0:0:0:0:0:1
2026-01-27 15:45:50 | user=185 | EDIT_COMMENT | SUCCESS | commentId=142
2026-01-27 15:46:16 | user=185 | comment creation  | SUCCESS | commentId=144
2026-01-27 15:46:49 | user=unknown | LOGIN | FAIL | Login error
2026-01-27 15:46:50 | user=185 | LOGIN | SUCCESS | ip=0:0:0:0:0:0:0:1
2026-01-27 15:47:00 | user=185 | CREATE_POST | SUCCESS | postId=130
2026-01-27 15:48:44 | user=185 | EDIT_POST | SUCCESS | postId=130
2026-01-27 15:48:56 | user=185 | EDIT_POST | SUCCESS | postId=130
2026-01-27 15:49:11 | user=185 | DELETE_POST | SUCCESS | postId=130
2026-01-27 15:51:02 | user=185 | comment creation  | SUCCESS | commentId=145
2026-01-27 15:51:22 | user=185 | DELETE_COMMENT | SUCCESS | commentId=142
2026-01-27 15:51:51 | user=185 | DELETE_COMMENT | SUCCESS | commentId=144
2026-01-27 15:52:05 | user=185 | DELETE_COMMENT | SUCCESS | commentId=145
2026-01-27 15:57:41 | user=unknown | LOGIN | FAIL | Login error
2026-01-27 15:57:42 | user=185 | LOGIN | SUCCESS | ip=0:0:0:0:0:0:0:1
2026-01-27 15:59:34 | user=unknown | LOGIN | FAIL | Login error
2026-01-27 15:59:35 | user=185 | LOGIN | SUCCESS | ip=0:0:0:0:0:0:0:1
2026-01-27 16:03:48 | user=unknown | LOGIN | FAIL | Login error
2026-01-27 16:03:48 | user=185 | LOGIN | SUCCESS | ip=0:0:0:0:0:0:0:1
2026-01-27 16:03:48 | user=185 | LOGIN | SUCCESS | ip=0:0:0:0:0:0:0:1
2026-01-27 16:03:56 | user=185 | EDIT_COMMENT | SUCCESS | commentId=143
2026-01-27 16:04:04 | user=185 | comment creation  | SUCCESS | commentId=146
2026-01-27 16:04:46 | user=185 | DELETE_COMMENT | SUCCESS | commentId=146
2026-01-27 16:06:23 | user=unknown | LOGIN | FAIL | Login error
2026-01-27 16:06:25 | user=185 | LOGIN | SUCCESS | ip=0:0:0:0:0:0:0:1
2026-01-27 16:06:33 | user=185 | CREATE_POST | SUCCESS | postId=131
2026-01-27 16:06:41 | user=185 | EDIT_POST | SUCCESS | postId=131
2026-01-27 16:12:43 | user=unknown | LOGIN | FAIL | Login error
2026-01-27 16:12:45 | user=185 | LOGIN | SUCCESS | ip=0:0:0:0:0:0:0:1
2026-01-27 16:12:51 | user=185 | comment creation  | SUCCESS | commentId=147
2026-01-27 16:12:55 | user=185 | DELETE_COMMENT | SUCCESS | commentId=147
2026-01-27 16:13:08 | user=185 | comment creation  | SUCCESS | commentId=148
2026-01-27 16:13:48 | user=185 | EDIT_COMMENT | SUCCESS | commentId=148
2026-01-27 16:14:08 | user=185 | EDIT_COMMENT | SUCCESS | commentId=148
2026-01-27 16:14:13 | user=185 | DELETE_COMMENT | SUCCESS | commentId=148
2026-01-27 16:18:07 | user=185 | LOGOUT | SUCCESS | session invalidated
2026-01-27 16:18:09 | user=185 | LOGIN | SUCCESS | ip=0:0:0:0:0:0:0:1
2026-01-27 16:29:19 | user=unknown | LOGIN | FAIL | Login error
2026-01-27 16:29:21 | user=185 | LOGIN | SUCCESS | ip=0:0:0:0:0:0:0:1
2026-01-27 16:29:21 | user=185 | LOGIN | SUCCESS | ip=0:0:0:0:0:0:0:1
2026-01-27 16:34:02 | user=unknown | LOGIN | FAIL | Login error
2026-01-27 16:34:04 | user=185 | LOGIN | SUCCESS | ip=0:0:0:0:0:0:0:1
2026-01-27 16:34:14 | user=185 | CREATE_POST | SUCCESS | postId=132
2026-01-27 16:34:22 | user=185 | EDIT_POST | SUCCESS | postId=132
2026-01-27 16:34:25 | user=185 | comment creation  | SUCCESS | commentId=149
2026-01-27 16:34:31 | user=185 | EDIT_COMMENT | SUCCESS | commentId=149
2026-01-27 16:34:35 | user=185 | DELETE_COMMENT | SUCCESS | commentId=149
2026-01-27 16:34:39 | user=185 | DELETE_POST | SUCCESS | postId=132
2026-01-27 17:04:51 | user=unknown | Signup | faliure | ip=0:0:0:0:0:0:0:1
2026-01-27 17:07:31 | user=unknown | Signup | faliure | ip=0:0:0:0:0:0:0:1
2026-01-27 17:07:38 | user=186 | Signup | SUCCESS | new user from   ip=0:0:0:0:0:0:0:1
2026-01-27 17:07:42 | user=186 | LOGIN | SUCCESS | ip=0:0:0:0:0:0:0:1
2026-01-27 17:15:56 | user=unknown | LOGIN | FAIL | Login error
2026-01-27 17:15:57 | user=186 | LOGIN | SUCCESS | ip=0:0:0:0:0:0:0:1
2026-01-27 17:18:39 | user=146 | LOGIN | SUCCESS | ip=0:0:0:0:0:0:0:1
2026-01-27 17:20:15 | user=unknown | LOGIN | FAIL | Login error
2026-01-27 17:20:17 | user=146 | LOGIN | SUCCESS | ip=0:0:0:0:0:0:0:1
2026-01-27 17:21:02 | user=unknown | LOGIN | FAIL | Login error
2026-01-27 17:21:04 | user=146 | LOGIN | SUCCESS | ip=0:0:0:0:0:0:0:1
2026-01-27 17:40:55 | user=-1 | google signup | failure | ip=+request.getRemoteAddr()
2026-01-27 17:43:18 | user=-1 | google signup | failure | ip=+request.getRemoteAddr()
2026-01-27 17:45:15 | user=176 | Google login | success |  from  ip= 0:0:0:0:0:0:0:1
2026-01-27 17:45:32 | user=176 | CREATE_POST | SUCCESS | postId=133
2026-01-27 17:51:04 | user=unknown | LOGIN | FAIL | Login error
2026-01-27 17:51:05 | user=186 | LOGIN | SUCCESS | ip=0:0:0:0:0:0:0:1
2026-01-27 17:51:07 | user=186 | LOGOUT | SUCCESS | session invalidated
2026-01-27 17:55:24 | user=-1 | google signup | failure | ip=+request.getRemoteAddr()
2026-01-27 17:55:35 | user=186 | LOGIN | SUCCESS | ip=0:0:0:0:0:0:0:1
2026-01-27 17:55:37 | user=186 | LOGOUT | SUCCESS | session invalidated
2026-01-27 17:55:45 | user=176 | Google login | success |  from  ip= 0:0:0:0:0:0:0:1
2026-01-27 17:56:10 | user=176 | LOGOUT | SUCCESS | session invalidated
2026-01-27 17:56:18 | user=176 | Google login | success |  from  ip= 0:0:0:0:0:0:0:1
2026-01-27 17:56:38 | user=unknown | LOGIN | FAIL | Login error
2026-01-27 17:56:56 | user=176 | Google login | success |  from  ip= 0:0:0:0:0:0:0:1
2026-01-27 17:57:03 | user=176 | Google login | success |  from  ip= 0:0:0:0:0:0:0:1
2026-01-27 17:57:06 | user=176 | LOGOUT | SUCCESS | session invalidated
2026-01-27 17:57:25 | user=176 | Google login | success |  from  ip= 0:0:0:0:0:0:0:1
2026-01-27 17:57:43 | user=176 | LOGOUT | SUCCESS | session invalidated
2026-01-27 17:57:58 | user=177 | Google login | success |  from  ip= 0:0:0:0:0:0:0:1
2026-01-27 17:58:02 | user=177 | LOGOUT | SUCCESS | session invalidated
2026-01-27 18:07:38 | user=unknown | LOGIN | FAIL | Login error
2026-01-27 18:07:39 | user=186 | LOGIN | SUCCESS | ip=0:0:0:0:0:0:0:1
2026-01-27 18:15:50 | user=unknown | LOGIN | FAIL | Login error
2026-01-27 18:15:52 | user=186 | LOGIN | SUCCESS | ip=0:0:0:0:0:0:0:1
2026-01-27 18:23:32 | user=unknown | LOGIN | FAIL | Login error
2026-01-27 18:23:34 | user=186 | LOGIN | SUCCESS | ip=0:0:0:0:0:0:0:1
2026-01-27 18:23:43 | user=186 | CREATE_POST | SUCCESS | postId=134
2026-01-27 18:23:49 | user=186 | EDIT_POST | SUCCESS | postId=134
2026-01-27 18:24:00 | user=186 | comment creation  | SUCCESS | commentId=150
2026-01-27 18:24:06 | user=186 | EDIT_COMMENT | SUCCESS | commentId=150
2026-01-27 18:24:09 | user=186 | DELETE_COMMENT | SUCCESS | commentId=150
2026-01-27 18:24:13 | user=186 | DELETE_POST | SUCCESS | postId=134
2026-01-27 18:24:22 | user=186 | LOGOUT | SUCCESS | session invalidated
2026-01-27 18:33:15 | user=unknown | Signup | faliure | ip=0:0:0:0:0:0:0:1
2026-01-27 18:33:23 | user=187 | Signup | SUCCESS | new user from   ip=0:0:0:0:0:0:0:1
2026-01-27 18:33:29 | user=187 | LOGIN | SUCCESS | ip=0:0:0:0:0:0:0:1
2026-01-27 18:33:56 | user=187 | LOGOUT | SUCCESS | session invalidated
2026-01-27 18:34:10 | user=188 | Signup | SUCCESS | new user from   ip=0:0:0:0:0:0:0:1
2026-01-27 18:34:14 | user=188 | LOGIN | SUCCESS | ip=0:0:0:0:0:0:0:1
2026-01-27 18:34:26 | user=188 | CREATE_POST | SUCCESS | postId=135
2026-01-27 19:16:57 | user=unknown | LOGIN | FAIL | Login error
2026-01-27 19:16:58 | user=188 | LOGIN | SUCCESS | ip=0:0:0:0:0:0:0:1
2026-01-27 19:22:26 | user=unknown | LOGIN | FAIL | Login error
2026-01-27 19:22:27 | user=188 | LOGIN | SUCCESS | ip=0:0:0:0:0:0:0:1
2026-01-27 19:41:36 | user=188 | LOGIN | SUCCESS | ip=0:0:0:0:0:0:0:1
2026-01-27 19:47:14 | user=188 | LOGOUT | SUCCESS | session invalidated
2026-01-27 19:48:28 | user=-1 | google signup | failure | ip=+request.getRemoteAddr()
2026-01-27 19:48:40 | user=176 | Google login | success |  from  ip= 0:0:0:0:0:0:0:1
2026-01-27 19:48:45 | user=176 | LOGOUT | SUCCESS | session invalidated
2026-01-27 19:48:54 | user=176 | Google login | success |  from  ip= 0:0:0:0:0:0:0:1
2026-01-27 19:50:45 | user=unknown | LOGIN | FAIL | Login error
2026-01-27 19:50:46 | user=188 | LOGIN | SUCCESS | ip=0:0:0:0:0:0:0:1
2026-01-27 19:50:48 | user=188 | LOGOUT | SUCCESS | session invalidated
2026-01-27 19:50:59 | user=176 | Google login | success |  from  ip= 0:0:0:0:0:0:0:1
2026-01-27 19:58:18 | user=176 | LOGOUT | SUCCESS | session invalidated
2026-01-27 20:02:03 | user=unknown | Signup | faliure | ip=0:0:0:0:0:0:0:1
2026-01-27 20:02:05 | user=unknown | Signup | faliure | ip=0:0:0:0:0:0:0:1
2026-01-27 20:02:08 | user=unknown | Signup | faliure | ip=0:0:0:0:0:0:0:1
2026-01-27 20:02:11 | user=unknown | Signup | faliure | ip=0:0:0:0:0:0:0:1
2026-01-27 20:02:49 | user=64 | Signup | failure | user already exists  LOCAL from  ip= 0:0:0:0:0:0:0:1
2026-01-27 20:02:53 | user=64 | Signup | failure | user already exists  LOCAL from  ip= 0:0:0:0:0:0:0:1
2026-01-27 20:02:59 | user=193 | Signup | SUCCESS | new user from   ip=0:0:0:0:0:0:0:1
2026-01-27 20:03:03 | user=193 | LOGIN | SUCCESS | ip=0:0:0:0:0:0:0:12026-01-27 20:10:15 | user=unknown | LOGIN | FAIL | Login error
2026-01-27 20:10:16 | user=193 | LOGIN | SUCCESS | ip=0:0:0:0:0:0:0:1
2026-01-27 20:10:18 | user=193 | LOGOUT | SUCCESS | session invalidated
2026-01-27 20:10:42 | user=176 | Google login | success |  from  ip= 0:0:0:0:0:0:0:1
2026-01-28 09:42:10 | user=unknown | LOGIN | FAIL | Login error
2026-01-28 09:42:11 | user=193 | LOGIN | SUCCESS | ip=0:0:0:0:0:0:0:1
2026-01-28 09:42:39 | user=193 | LOGOUT | SUCCESS | session invalidated
2026-01-28 09:43:08 | user=193 | LOGIN | SUCCESS | ip=0:0:0:0:0:0:0:1
2026-01-28 09:43:11 | user=193 | LOGOUT | SUCCESS | session invalidated
2026-01-28 09:43:47 | user=unknown | Signup | faliure | ip=0:0:0:0:0:0:0:1
2026-01-28 09:43:52 | user=194 | Signup | SUCCESS | new user from   ip=0:0:0:0:0:0:0:1
2026-01-28 09:59:08 | user=unknown | Signup | faliure | ip=0:0:0:0:0:0:0:1
2026-01-28 09:59:11 | user=195 | Signup | SUCCESS | new user from   ip=0:0:0:0:0:0:0:1
2026-01-28 10:04:28 | user=unknown | LOGIN | FAIL | Login error
2026-01-28 10:19:44 | user=unknown | Signup | faliure | ip=0:0:0:0:0:0:0:1
2026-01-28 10:19:46 | user=70 | Signup | failure | user already exists  LOCAL from  ip= 0:0:0:0:0:0:0:1
2026-01-28 10:19:48 | user=70 | Signup | failure | user already exists  LOCAL from  ip= 0:0:0:0:0:0:0:1
2026-01-28 10:20:03 | user=196 | Signup | SUCCESS | new user from   ip=0:0:0:0:0:0:0:1
2026-01-28 10:20:07 | user=196 | LOGIN | SUCCESS | ip=0:0:0:0:0:0:0:1
2026-01-28 10:20:39 | user=196 | LOGOUT | SUCCESS | session invalidated
2026-01-28 10:20:58 | user=197 | Signup | SUCCESS | new user from   ip=0:0:0:0:0:0:0:1
2026-01-28 10:21:19 | user=150 | Signup | failure | user already exists  LOCAL from  ip= 0:0:0:0:0:0:0:1
2026-01-28 10:21:46 | user=unknown | Signup | faliure | ip=0:0:0:0:0:0:0:1
2026-01-28 10:21:48 | user=150 | Signup | failure | user already exists  LOCAL from  ip= 0:0:0:0:0:0:0:1
2026-01-28 10:21:50 | user=150 | Signup | failure | user already exists  LOCAL from  ip= 0:0:0:0:0:0:0:1
2026-01-28 10:22:30 | user=150 | Signup | failure | user already exists  LOCAL from  ip= 0:0:0:0:0:0:0:1
2026-01-28 10:22:48 | user=150 | Signup | failure | user already exists  LOCAL from  ip= 0:0:0:0:0:0:0:1
2026-01-28 10:22:59 | user=198 | Signup | SUCCESS | new user from   ip=0:0:0:0:0:0:0:1
2026-01-28 10:23:56 | user=198 | Signup | failure | user already exists  LOCAL from  ip= 0:0:0:0:0:0:0:1
2026-01-28 10:23:57 | user=198 | Signup | failure | user already exists  LOCAL from  ip= 0:0:0:0:0:0:0:1
2026-01-28 10:24:08 | user=unknown | Signup | faliure | ip=0:0:0:0:0:0:0:1
2026-01-28 10:24:09 | user=198 | Signup | failure | user already exists  LOCAL from  ip= 0:0:0:0:0:0:0:1
2026-01-28 10:24:11 | user=198 | Signup | failure | user already exists  LOCAL from  ip= 0:0:0:0:0:0:0:1
2026-01-28 10:25:13 | user=unknown | Signup | faliure | ip=0:0:0:0:0:0:0:1
2026-01-28 10:26:25 | user=unknown | Signup | faliure | ip=0:0:0:0:0:0:0:1
2026-01-28 10:26:27 | user=200 | Signup | SUCCESS | new user from   ip=0:0:0:0:0:0:0:1
2026-01-28 10:30:20 | user=unknown | Signup | faliure | ip=0:0:0:0:0:0:0:1
2026-01-28 10:30:22 | user=201 | Signup | SUCCESS | new user from   ip=0:0:0:0:0:0:0:1
2026-01-28 10:30:25 | user=201 | LOGIN | SUCCESS | ip=0:0:0:0:0:0:0:1
2026-01-28 10:35:06 | user=unknown | Signup | faliure | ip=0:0:0:0:0:0:0:1
2026-01-28 10:38:42 | user=unknown | Signup | faliure | ip=0:0:0:0:0:0:0:1
2026-01-28 10:38:44 | user=200 | Signup | failure | user already exists  LOCAL from  ip= 0:0:0:0:0:0:0:1
2026-01-28 10:39:48 | user=200 | Signup | failure | user already exists  LOCAL from  ip= 0:0:0:0:0:0:0:1
2026-01-28 10:40:57 | user=unknown | Signup | faliure | ip=0:0:0:0:0:0:0:1
2026-01-28 10:40:59 | user=200 | Signup | failure | user already exists  LOCAL from  ip= 0:0:0:0:0:0:0:1
2026-01-28 10:44:57 | user=unknown | LOGIN | FAIL | Login error
2026-01-28 10:45:09 | user=unknown | LOGIN | FAIL | Login error
2026-01-28 10:45:10 | user=146 | LOGIN | SUCCESS | ip=0:0:0:0:0:0:0:1
2026-01-28 10:45:12 | user=146 | LOGIN | SUCCESS | ip=0:0:0:0:0:0:0:1
2026-01-28 10:45:53 | user=146 | LOGIN | SUCCESS | ip=0:0:0:0:0:0:0:1
2026-01-28 10:46:08 | user=146 | LOGIN | SUCCESS | ip=0:0:0:0:0:0:0:1
2026-01-28 10:46:09 | user=146 | LOGIN | SUCCESS | ip=0:0:0:0:0:0:0:1
2026-01-28 10:52:59 | user=146 | LOGIN | SUCCESS | ip=0:0:0:0:0:0:0:1
2026-01-28 10:53:04 | user=146 | comment creation  | SUCCESS | commentId=151
2026-01-28 10:53:14 | user=146 | CREATE_POST | SUCCESS | postId=136
2026-01-28 10:56:01 | user=146 | LOGIN | SUCCESS | ip=0:0:0:0:0:0:0:1
2026-01-28 10:56:06 | user=146 | EDIT_POST | SUCCESS | postId=136
2026-01-28 10:57:05 | user=146 | comment creation  | SUCCESS | commentId=152
2026-01-28 10:57:45 | user=146 | EDIT_COMMENT | SUCCESS | commentId=152
2026-01-28 10:58:21 | user=146 | DELETE_COMMENT | failure | commentId=136
2026-01-28 10:58:45 | user=146 | DELETE_COMMENT | failure | commentId=136
2026-01-28 10:58:56 | user=146 | DELETE_COMMENT | failure | commentId=136
2026-01-28 10:59:58 | user=146 | DELETE_COMMENT | SUCCESS | commentId=152
2026-01-28 11:00:01 | user=146 | DELETE_COMMENT | failure | commentId=152
2026-01-28 11:00:33 | user=146 | DELETE_POST | SUCCESS | postId=136
2026-01-28 11:04:23 | user=unknown | Signup | faliure | ip=0:0:0:0:0:0:0:1
2026-01-28 11:04:25 | user=202 | Signup | SUCCESS | new user from   ip=0:0:0:0:0:0:0:1
2026-01-28 11:07:27 | user=146 | LOGIN | SUCCESS | ip=0:0:0:0:0:0:0:1
2026-01-28 11:07:36 | user=146 | CREATE_POST | SUCCESS | postId=137
2026-01-28 11:08:10 | user=unknown | LOGIN | FAIL | Login error
2026-01-28 11:08:12 | user=146 | LOGIN | SUCCESS | ip=0:0:0:0:0:0:0:1
2026-01-28 11:09:32 | user=146 | comment creation  | SUCCESS | commentId=153
2026-01-28 11:09:54 | user=146 | LOGIN | SUCCESS | ip=0:0:0:0:0:0:0:1
2026-01-28 11:10:52 | user=146 | LOGIN | SUCCESS | ip=0:0:0:0:0:0:0:1
2026-01-28 11:10:56 | user=146 | LOGOUT | SUCCESS | session invalidated
2026-01-28 11:11:03 | user=146 | LOGIN | SUCCESS | ip=0:0:0:0:0:0:0:1
2026-01-28 11:11:12 | user=146 | CREATE_POST | SUCCESS | postId=138
2026-01-28 11:22:48 | user=unknown | LOGIN | FAIL | Login error
2026-01-28 11:22:49 | user=146 | LOGIN | SUCCESS | ip=0:0:0:0:0:0:0:1
2026-01-28 11:22:53 | user=146 | EDIT_POST | failure | postId=136
2026-01-28 11:22:53 | user=146 | EDIT_POST | SUCCESS | postId=136
2026-01-28 11:22:55 | user=146 | EDIT_POST | failure | postId=136
2026-01-28 11:22:55 | user=146 | EDIT_POST | SUCCESS | postId=136
2026-01-28 11:23:03 | user=146 | LOGIN | SUCCESS | ip=0:0:0:0:0:0:0:1
2026-01-28 11:23:50 | user=146 | EDIT_POST | SUCCESS | postId=138
2026-01-28 11:24:11 | user=146 | comment creation  | SUCCESS | commentId=154
2026-01-28 11:24:40 | user=146 | EDIT_COMMENT | SUCCESS | commentId=154
2026-01-28 11:24:59 | user=146 | EDIT_COMMENT | failure | commentId=155
2026-01-28 11:25:07 | user=146 | EDIT_COMMENT | SUCCESS | commentId=154
2026-01-28 11:33:09 | user=146 | LOGOUT | SUCCESS | session invalidated
2026-01-28 11:33:34 | user=203 | Signup | SUCCESS | new user from   ip=0:0:0:0:0:0:0:1
2026-01-28 11:34:38 | user=203 | LOGIN | SUCCESS | ip=0:0:0:0:0:0:0:1
2026-01-28 11:35:51 | user=203 | comment creation  | SUCCESS | commentId=155
2026-01-28 11:35:54 | user=203 | EDIT_COMMENT | SUCCESS | commentId=155
2026-01-28 11:36:06 | user=203 | EDIT_COMMENT | SUCCESS | commentId=155
2026-01-28 11:36:18 | user=203 | LOGOUT | SUCCESS | session invalidated
2026-01-28 11:36:30 | user=203 | LOGIN | SUCCESS | ip=0:0:0:0:0:0:0:1
2026-01-28 14:11:27 | user=unknown | LOGIN | FAIL | Login error
2026-01-28 14:11:29 | user=203 | LOGIN | SUCCESS | ip=0:0:0:0:0:0:0:1
2026-01-28 14:14:50 | user=unknown | LOGIN | FAIL | Login error
2026-01-28 14:15:19 | user=unknown | LOGIN | FAIL | Login error
2026-01-28 14:15:22 | user=203 | LOGIN | SUCCESS | ip=0:0:0:0:0:0:0:1
2026-01-28 14:16:42 | user=unknown | LOGIN | FAIL | Login error
2026-01-28 14:17:46 | user=unknown | LOGIN | FAIL | Login error
2026-01-28 14:17:48 | user=203 | LOGIN | SUCCESS | ip=0:0:0:0:0:0:0:1
2026-01-28 14:23:34 | user=unknown | LOGIN | FAIL | Login error
2026-01-28 14:24:26 | user=unknown | LOGIN | FAIL | Login error
2026-01-28 14:24:30 | user=146 | LOGIN | SUCCESS | ip=0:0:0:0:0:0:0:1
2026-01-28 14:32:28 | user=unknown | LOGIN | FAIL | Login error
2026-01-28 14:32:32 | user=146 | LOGIN | SUCCESS | ip=0:0:0:0:0:0:0:1
2026-01-28 14:34:55 | user=unknown | LOGIN | FAIL | Login error
2026-01-28 14:34:57 | user=146 | LOGIN | SUCCESS | ip=0:0:0:0:0:0:0:1
2026-01-28 14:37:23 | user=unknown | LOGIN | FAIL | Login error
2026-01-28 14:37:26 | user=146 | LOGIN | SUCCESS | ip=0:0:0:0:0:0:0:1
2026-01-28 14:42:21 | user=unknown | LOGIN | FAIL | Login error
2026-01-28 14:44:52 | user=unknown | LOGIN | FAIL | Login error
2026-01-28 14:44:54 | user=146 | LOGIN | SUCCESS | ip=0:0:0:0:0:0:0:1
2026-01-28 15:40:02 | user=unknown | Signup | faliure | ip=0:0:0:0:0:0:0:1
2026-01-28 15:40:05 | user=204 | Signup | SUCCESS | new user from   ip=0:0:0:0:0:0:0:1
2026-01-28 15:40:34 | user=200 | Signup | failure | user already exists  LOCAL from  ip= 0:0:0:0:0:0:0:1
2026-01-28 15:40:36 | user=200 | Signup | failure | user already exists  LOCAL from  ip= 0:0:0:0:0:0:0:1
2026-01-28 15:40:50 | user=200 | Signup | failure | user already exists  LOCAL from  ip= 0:0:0:0:0:0:0:1
2026-01-28 15:44:37 | user=unknown | LOGIN | FAIL | Login error
2026-01-28 15:44:44 | user=146 | LOGIN | SUCCESS | ip=0:0:0:0:0:0:0:1
2026-01-28 15:47:20 | user=146 | LOGIN | SUCCESS | ip=0:0:0:0:0:0:0:1
2026-01-28 16:48:05 | user=unknown | LOGIN | FAIL | Login error
2026-01-28 16:48:08 | user=146 | LOGIN | SUCCESS | ip=0:0:0:0:0:0:0:1
2026-01-28 16:48:21 | user=205 | Signup | SUCCESS | new user from   ip=0:0:0:0:0:0:0:1
2026-01-28 16:48:26 | user=205 | LOGIN | SUCCESS | ip=0:0:0:0:0:0:0:1
2026-01-28 16:56:21 | user=unknown | LOGIN | FAIL | Login error
2026-01-28 16:56:23 | user=146 | LOGIN | SUCCESS | ip=0:0:0:0:0:0:0:1
2026-01-28 17:04:29 | user=unknown | LOGIN | FAIL | Login error
2026-01-28 17:04:30 | user=205 | LOGIN | SUCCESS | ip=0:0:0:0:0:0:0:1
2026-01-28 17:23:39 | user=unknown | LOGIN | FAIL | Login error
2026-01-28 17:23:40 | user=205 | LOGIN | SUCCESS | ip=0:0:0:0:0:0:0:1
2026-01-28 17:24:40 | user=unknown | LOGIN | FAIL | Login error
2026-01-28 17:24:40 | user=205 | LOGIN | SUCCESS | ip=0:0:0:0:0:0:0:1
2026-01-28 17:24:50 | user=205 | CREATE_POST | SUCCESS | postId=139
2026-01-28 17:27:06 | user=unknown | LOGIN | FAIL | Login error
2026-01-28 17:27:07 | user=205 | LOGIN | SUCCESS | ip=0:0:0:0:0:0:0:1
2026-01-28 17:27:16 | user=205 | CREATE_POST | SUCCESS | postId=140
2026-01-28 17:36:43 | user=unknown | LOGIN | FAIL | Login error
2026-01-28 17:36:46 | user=146 | LOGIN | SUCCESS | ip=0:0:0:0:0:0:0:1
2026-01-28 17:38:31 | user=unknown | LOGIN | FAIL | Login error
2026-01-28 17:38:33 | user=146 | LOGIN | SUCCESS | ip=0:0:0:0:0:0:0:1
2026-01-28 17:38:55 | user=146 | CREATE_POST | SUCCESS | postId=141
2026-01-28 17:39:33 | user=unknown | LOGIN | FAIL | Login error
2026-01-28 17:39:38 | user=146 | LOGIN | SUCCESS | ip=0:0:0:0:0:0:0:1
2026-01-28 17:39:41 | user=146 | CREATE_POST | SUCCESS | postId=142
2026-01-28 17:39:43 | user=146 | CREATE_POST | SUCCESS | postId=143
2026-01-28 17:40:10 | user=unknown | LOGIN | FAIL | Login error
2026-01-28 17:40:36 | user=unknown | LOGIN | FAIL | Login error
2026-01-28 17:40:38 | user=146 | LOGIN | SUCCESS | ip=0:0:0:0:0:0:0:1
2026-01-28 17:41:27 | user=unknown | LOGIN | FAIL | Login error
2026-01-28 17:41:29 | user=146 | LOGIN | SUCCESS | ip=0:0:0:0:0:0:0:1
2026-01-28 17:41:32 | user=146 | CREATE_POST | SUCCESS | postId=144
2026-01-28 17:41:34 | user=146 | CREATE_POST | SUCCESS | postId=145
2026-01-28 17:41:45 | user=205 | LOGIN | SUCCESS | ip=0:0:0:0:0:0:0:1
2026-01-28 17:41:51 | user=205 | LOGOUT | SUCCESS | session invalidated
2026-01-28 17:42:01 | user=146 | LOGIN | SUCCESS | ip=0:0:0:0:0:0:0:1
2026-01-28 17:42:05 | user=146 | DELETE_POST | SUCCESS | postId=145
2026-01-28 17:42:10 | user=146 | DELETE_POST | SUCCESS | postId=144
2026-01-28 17:42:15 | user=146 | DELETE_POST | SUCCESS | postId=143
2026-01-28 17:42:19 | user=146 | DELETE_POST | SUCCESS | postId=141
2026-01-28 17:42:23 | user=146 | DELETE_POST | SUCCESS | postId=142
2026-01-28 17:42:30 | user=146 | DELETE_POST | SUCCESS | postId=138
2026-01-28 17:42:37 | user=146 | DELETE_POST | SUCCESS | postId=137
2026-01-28 17:43:15 | user=146 | DELETE_POST | SUCCESS | postId=127
2026-01-28 17:47:53 | user=unknown | LOGIN | FAIL | Login error
2026-01-28 17:47:55 | user=146 | LOGIN | SUCCESS | ip=0:0:0:0:0:0:0:1
2026-01-28 17:48:04 | user=146 | CREATE_POST | SUCCESS | postId=146
2026-01-28 17:48:14 | user=146 | EDIT_POST | SUCCESS | postId=146
2026-01-28 17:48:43 | user=unknown | LOGIN | FAIL | Login error
2026-01-28 17:48:45 | user=146 | LOGIN | SUCCESS | ip=0:0:0:0:0:0:0:1
2026-01-28 17:48:53 | user=146 | EDIT_POST | SUCCESS | postId=146
2026-01-28 17:51:14 | user=unknown | LOGIN | FAIL | Login error
2026-01-28 17:51:15 | user=146 | LOGIN | SUCCESS | ip=0:0:0:0:0:0:0:1
2026-01-28 17:51:30 | user=146 | EDIT_POST | SUCCESS | postId=146
2026-01-28 17:52:23 | user=unknown | LOGIN | FAIL | Login error
2026-01-28 17:52:25 | user=146 | LOGIN | SUCCESS | ip=0:0:0:0:0:0:0:1
2026-01-28 17:52:34 | user=146 | EDIT_POST | SUCCESS | postId=146
2026-01-28 17:54:46 | user=146 | LOGIN | SUCCESS | ip=0:0:0:0:0:0:0:1
2026-01-28 17:54:51 | user=146 | EDIT_POST | SUCCESS | postId=146
2026-01-28 17:54:51 | user=146 | EDIT_POST | SUCCESS | postId=146
2026-01-28 17:56:30 | user=146 | LOGIN | SUCCESS | ip=0:0:0:0:0:0:0:1
2026-01-28 17:56:31 | user=146 | LOGIN | SUCCESS | ip=0:0:0:0:0:0:0:1
2026-01-28 17:57:36 | user=unknown | LOGIN | FAIL | Login error
2026-01-28 17:57:38 | user=146 | LOGIN | SUCCESS | ip=0:0:0:0:0:0:0:1
2026-01-28 17:57:46 | user=146 | EDIT_POST | failure | postId=138
2026-01-28 17:57:46 | user=146 | EDIT_POST | SUCCESS | postId=138
2026-01-28 17:57:48 | user=146 | EDIT_POST | failure | postId=138
2026-01-28 17:57:48 | user=146 | EDIT_POST | SUCCESS | postId=138
2026-01-28 17:59:28 | user=unknown | LOGIN | FAIL | Login error
2026-01-28 17:59:30 | user=146 | LOGIN | SUCCESS | ip=0:0:0:0:0:0:0:1
2026-01-28 17:59:35 | user=146 | EDIT_POST | SUCCESS | postId=146
2026-01-28 18:17:23 | user=unknown | LOGIN | FAIL | Login error
2026-01-28 18:17:25 | user=146 | LOGIN | SUCCESS | ip=0:0:0:0:0:0:0:1
2026-01-28 18:17:29 | user=146 | EDIT_POST | failure | postId=138
2026-01-28 18:17:29 | user=146 | EDIT_POST | SUCCESS | postId=138
2026-01-28 18:17:31 | user=146 | EDIT_POST | failure | postId=138
2026-01-28 18:17:31 | user=146 | EDIT_POST | SUCCESS | postId=138
2026-01-28 18:17:33 | user=146 | EDIT_POST | failure | postId=138
2026-01-28 18:17:33 | user=146 | EDIT_POST | SUCCESS | postId=138
2026-01-28 18:18:07 | user=unknown | LOGIN | FAIL | Login error
2026-01-28 18:18:09 | user=146 | LOGIN | SUCCESS | ip=0:0:0:0:0:0:0:1
2026-01-28 18:18:24 | user=146 | EDIT_POST | failure | postId=138
2026-01-28 18:18:24 | user=146 | EDIT_POST | SUCCESS | postId=138
2026-01-28 18:21:04 | user=unknown | LOGIN | FAIL | Login error
2026-01-28 18:21:05 | user=146 | LOGIN | SUCCESS | ip=0:0:0:0:0:0:0:1
2026-01-28 18:21:11 | user=146 | EDIT_POST | SUCCESS | postId=146
2026-01-28 18:21:16 | user=146 | EDIT_POST | SUCCESS | postId=146
2026-01-28 18:21:17 | user=146 | EDIT_POST | SUCCESS | postId=146
2026-01-28 18:21:44 | user=146 | EDIT_POST | SUCCESS | postId=146
2026-01-28 18:21:50 | user=146 | EDIT_POST | SUCCESS | postId=146
2026-01-28 18:22:06 | user=146 | EDIT_POST | SUCCESS | postId=146
2026-01-28 18:22:16 | user=146 | EDIT_POST | SUCCESS | postId=146
2026-01-28 18:24:26 | user=unknown | LOGIN | FAIL | Login error
2026-01-28 18:24:30 | user=146 | LOGIN | SUCCESS | ip=0:0:0:0:0:0:0:1
2026-01-28 18:24:39 | user=146 | EDIT_COMMENT | failure | commentId=154
2026-01-28 18:25:33 | user=146 | EDIT_COMMENT | failure | commentId=154
2026-01-28 18:25:56 | user=146 | LOGIN | SUCCESS | ip=0:0:0:0:0:0:0:1
2026-01-28 18:26:01 | user=146 | comment creation  | SUCCESS | commentId=156
2026-01-28 18:26:09 | user=146 | EDIT_COMMENT | SUCCESS | commentId=156
2026-01-28 18:27:15 | user=146 | EDIT_COMMENT | SUCCESS | commentId=156
2026-01-28 18:27:46 | user=unknown | LOGIN | FAIL | Login error
2026-01-28 18:27:48 | user=146 | LOGIN | SUCCESS | ip=0:0:0:0:0:0:0:1
2026-01-28 18:27:52 | user=146 | comment creation  | SUCCESS | commentId=157
2026-01-28 18:28:22 | user=146 | EDIT_COMMENT | SUCCESS | commentId=156
2026-01-28 18:28:57 | user=146 | DELETE_POST | SUCCESS | postId=146
2026-01-28 18:29:06 | user=146 | DELETE_POST | SUCCESS | postId=121
2026-01-28 18:29:13 | user=146 | DELETE_POST | SUCCESS | postId=120
2026-01-28 18:29:16 | user=146 | DELETE_POST | SUCCESS | postId=119
2026-01-28 18:29:22 | user=146 | DELETE_POST | SUCCESS | postId=117
2026-01-28 18:29:27 | user=146 | DELETE_POST | SUCCESS | postId=118
2026-01-28 18:29:32 | user=146 | DELETE_POST | SUCCESS | postId=116
2026-01-28 18:29:37 | user=146 | DELETE_POST | SUCCESS | postId=115
2026-01-28 18:29:41 | user=146 | DELETE_POST | SUCCESS | postId=114
2026-01-28 18:37:44 | user=146 | LOGIN | SUCCESS | ip=0:0:0:0:0:0:0:1
2026-01-28 18:37:47 | user=146 | LOGIN | SUCCESS | ip=0:0:0:0:0:0:0:1
2026-01-28 18:38:28 | user=146 | comment creation  | failure | error
2026-01-28 18:38:30 | user=146 | comment creation  | failure | error
2026-01-28 18:38:34 | user=146 | comment creation  | failure | error
2026-01-28 18:38:36 | user=146 | comment creation  | failure | error
2026-01-28 18:39:11 | user=146 | comment creation  | SUCCESS | commentId=162
2026-01-28 18:39:56 | user=146 | comment creation  | failure | error
2026-01-28 18:39:58 | user=146 | comment creation  | failure | error
2026-01-28 18:40:07 | user=unknown | LOGIN | FAIL | Login error
2026-01-28 18:40:09 | user=146 | LOGIN | SUCCESS | ip=0:0:0:0:0:0:0:1
2026-01-28 18:40:21 | user=146 | LOGIN | SUCCESS | ip=0:0:0:0:0:0:0:1
2026-01-28 18:42:17 | user=unknown | LOGIN | FAIL | Login error
2026-01-28 18:42:19 | user=146 | LOGIN | SUCCESS | ip=0:0:0:0:0:0:0:1
2026-01-28 18:42:23 | user=146 | comment creation  | failure | error
2026-01-28 18:42:26 | user=146 | comment creation  | failure | error
2026-01-28 18:42:39 | user=146 | comment creation  | failure | error
2026-01-28 18:42:42 | user=146 | comment creation  | failure | error
2026-01-28 18:43:43 | user=unknown | LOGIN | FAIL | Login error
2026-01-28 18:43:46 | user=146 | LOGIN | SUCCESS | ip=0:0:0:0:0:0:0:1
2026-01-28 18:43:50 | user=146 | comment creation  | failure | error
2026-01-28 18:43:52 | user=146 | comment creation  | failure | error
2026-01-28 18:43:53 | user=146 | comment creation  | failure | error
2026-01-28 18:44:12 | user=unknown | LOGIN | FAIL | Login error
2026-01-28 18:44:13 | user=146 | LOGIN | SUCCESS | ip=0:0:0:0:0:0:0:1
2026-01-28 18:44:17 | user=146 | comment creation  | SUCCESS | commentId=172
2026-01-28 18:46:29 | user=unknown | LOGIN | FAIL | Login error
2026-01-28 18:46:31 | user=146 | LOGIN | SUCCESS | ip=0:0:0:0:0:0:0:1
2026-01-28 18:46:35 | user=146 | comment creation  | SUCCESS | commentId=173
2026-01-28 18:46:42 | user=146 | EDIT_COMMENT | SUCCESS | commentId=162
2026-01-28 18:46:45 | user=146 | DELETE_COMMENT | SUCCESS | commentId=162
2026-01-28 18:46:53 | user=146 | CREATE_POST | SUCCESS | postId=147
2026-01-28 18:47:03 | user=146 | EDIT_POST | SUCCESS | postId=147
2026-01-28 18:47:05 | user=146 | DELETE_POST | SUCCESS | postId=147
2026-01-28 18:47:27 | user=unknown | LOGIN | FAIL | Login error
2026-01-28 18:47:29 | user=146 | LOGIN | SUCCESS | ip=0:0:0:0:0:0:0:1
2026-01-28 18:47:31 | user=146 | LOGOUT | SUCCESS | session invalidated
2026-01-28 18:48:06 | user=176 | Google login | success |  from  ip= 0:0:0:0:0:0:0:1
2026-01-28 18:52:57 | user=176 | LOGOUT | SUCCESS | session invalidated
2026-01-28 18:53:13 | user=206 | Signup | SUCCESS | new user from   ip=0:0:0:0:0:0:0:1
2026-01-28 18:53:16 | user=206 | LOGIN | SUCCESS | ip=0:0:0:0:0:0:0:1
2026-01-28 18:57:02 | user=206 | LOGOUT | SUCCESS | session invalidated
2026-01-28 18:57:03 | user=206 | LOGIN | SUCCESS | ip=0:0:0:0:0:0:0:1
2026-01-28 19:00:31 | user=206 | CREATE_POST | SUCCESS | postId=148
2026-01-28 19:11:09 | user=206 | comment creation  | SUCCESS | commentId=174
2026-01-28 19:11:16 | user=206 | EDIT_COMMENT | SUCCESS | commentId=174
2026-01-28 19:12:29 | user=206 | comment creation  | SUCCESS | commentId=175
2026-01-28 19:12:38 | user=206 | CREATE_POST | SUCCESS | postId=149
2026-01-28 20:05:09 | user=unknown | LOGIN | FAIL | Login error
2026-01-28 20:05:11 | user=206 | LOGIN | SUCCESS | ip=0:0:0:0:0:0:0:1
2026-01-29 05:49:20 | user=unknown | LOGIN | FAIL | Login error
2026-01-29 05:49:23 | user=146 | LOGIN | SUCCESS | ip=0:0:0:0:0:0:0:1
2026-01-29 05:49:41 | user=146 | comment creation  | failure | error
2026-01-29 05:52:11 | user=146 | comment creation  | failure | error
2026-01-29 05:55:21 | user=unknown | LOGIN | FAIL | Login error
2026-01-29 05:55:40 | user=146 | LOGIN | SUCCESS | ip=0:0:0:0:0:0:0:1
2026-01-29 05:55:53 | user=146 | comment creation  | failure | error
2026-01-29 05:55:57 | user=146 | comment creation  | failure | error
2026-01-29 05:56:55 | user=146 | comment creation  | SUCCESS | commentId=180
2026-01-29 05:57:38 | user=206 | LOGIN | SUCCESS | ip=0:0:0:0:0:0:0:1
2026-01-29 05:57:54 | user=146 | comment creation  | SUCCESS | commentId=181
2026-01-29 06:08:17 | user=unknown | LOGIN | FAIL | Login error
2026-01-29 06:08:18 | user=146 | LOGIN | SUCCESS | ip=0:0:0:0:0:0:0:1
2026-01-29 06:20:05 | user=unknown | LOGIN | FAIL | Login error
2026-01-29 06:20:06 | user=146 | LOGIN | SUCCESS | ip=0:0:0:0:0:0:0:1
2026-01-29 06:23:59 | user=unknown | LOGIN | FAIL | Login error
2026-01-29 06:24:01 | user=146 | LOGIN | SUCCESS | ip=0:0:0:0:0:0:0:1
2026-01-29 06:31:48 | user=unknown | LOGIN | FAIL | Login error
2026-01-29 06:31:50 | user=146 | LOGIN | SUCCESS | ip=0:0:0:0:0:0:0:1
2026-01-29 06:33:22 | user=unknown | LOGIN | FAIL | Login error
2026-01-29 06:33:23 | user=146 | LOGIN | SUCCESS | ip=0:0:0:0:0:0:0:1
2026-01-29 06:35:07 | user=unknown | LOGIN | FAIL | Login error
2026-01-29 06:35:09 | user=146 | LOGIN | SUCCESS | ip=0:0:0:0:0:0:0:1
2026-01-29 06:40:43 | user=206 | LOGIN | SUCCESS | ip=0:0:0:0:0:0:0:1
2026-01-29 06:40:55 | user=206 | LOGOUT | SUCCESS | session invalidated
2026-01-29 06:42:01 | user=146 | LOGIN | SUCCESS | ip=0:0:0:0:0:0:0:1
2026-01-29 06:42:02 | user=146 | LOGIN | SUCCESS | ip=0:0:0:0:0:0:0:1
2026-01-29 06:42:49 | user=146 | LOGOUT | SUCCESS | session invalidated
2026-01-29 06:49:35 | user=unknown | LOGIN | FAIL | Login error
2026-01-29 06:49:38 | user=146 | LOGIN | SUCCESS | ip=0:0:0:0:0:0:0:1
2026-01-29 06:50:03 | user=146 | LOGOUT | SUCCESS | session invalidated
2026-01-29 06:50:32 | user=146 | LOGIN | SUCCESS | ip=0:0:0:0:0:0:0:1
2026-01-29 06:50:43 | user=146 | LOGOUT | SUCCESS | session invalidated
2026-01-29 06:51:57 | user=unknown | LOGIN | FAIL | Login error
2026-01-29 06:51:58 | user=146 | LOGIN | SUCCESS | ip=0:0:0:0:0:0:0:1
2026-01-29 06:52:22 | user=146 | LOGOUT | SUCCESS | session invalidated
2026-01-29 09:16:32 | user=unknown | LOGIN | FAIL | Login error
2026-01-29 09:16:33 | user=146 | LOGIN | SUCCESS | ip=0:0:0:0:0:0:0:1
2026-01-29 09:39:28 | user=unknown | Signup | faliure | ip=0:0:0:0:0:0:0:1
2026-01-29 09:39:43 | user=146 | LOGIN | SUCCESS | ip=0:0:0:0:0:0:0:1
2026-01-29 09:39:44 | user=146 | LOGIN | SUCCESS | ip=0:0:0:0:0:0:0:1
2026-01-29 09:39:50 | user=146 | CREATE_POST | SUCCESS | postId=150
2026-01-29 09:40:24 | user=200 | Signup | failure | user already exists  LOCAL from  ip= 0:0:0:0:0:0:0:1
2026-01-29 09:51:56 | user=206 | LOGIN | SUCCESS | ip=0:0:0:0:0:0:0:1
2026-01-29 09:54:17 | user=unknown | LOGIN | FAIL | Login error
2026-01-29 09:54:18 | user=146 | LOGIN | SUCCESS | ip=0:0:0:0:0:0:0:1
2026-01-29 09:56:58 | user=unknown | LOGIN | FAIL | Login error
2026-01-29 09:56:59 | user=146 | LOGIN | SUCCESS | ip=0:0:0:0:0:0:0:1
2026-01-29 09:57:26 | user=146 | CREATE_POST | SUCCESS | postId=151
2026-01-29 09:59:23 | user=unknown | LOGIN | FAIL | Login error
2026-01-29 09:59:26 | user=146 | LOGIN | SUCCESS | ip=0:0:0:0:0:0:0:1
2026-01-29 09:59:39 | user=146 | LOGIN | SUCCESS | ip=0:0:0:0:0:0:0:1
2026-01-29 10:10:47 | user=unknown | LOGIN | FAIL | Login error
2026-01-29 10:10:48 | user=146 | LOGIN | SUCCESS | ip=0:0:0:0:0:0:0:1
2026-01-29 10:10:49 | user=146 | LOGIN | SUCCESS | ip=0:0:0:0:0:0:0:1
2026-01-29 10:29:31 | user=unknown | LOGIN | FAIL | Login error
2026-01-29 10:29:32 | user=206 | LOGIN | SUCCESS | ip=0:0:0:0:0:0:0:1
2026-01-29 10:29:37 | user=206 | LOGOUT | SUCCESS | session invalidated
2026-01-29 10:30:04 | user=176 | Google login | success |  from  ip= 0:0:0:0:0:0:0:1
2026-01-29 10:30:17 | user=176 | LOGOUT | SUCCESS | session invalidated
2026-01-29 10:30:26 | user=146 | LOGIN | SUCCESS | ip=0:0:0:0:0:0:0:1
2026-01-29 10:30:54 | user=146 | LOGIN | SUCCESS | ip=0:0:0:0:0:0:0:1
2026-01-29 10:32:20 | user=unknown | LOGIN | FAIL | Login error
2026-01-29 10:32:27 | user=unknown | LOGIN | FAIL | not entered the valid information
2026-01-29 10:32:28 | user=unknown | LOGIN | FAIL | not entered the valid information
2026-01-29 10:32:32 | user=196 | LOGIN | SUCCESS | ip=0:0:0:0:0:0:0:1
2026-01-29 10:32:41 | user=196 | CREATE_POST | SUCCESS | postId=152
2026-01-29 10:36:17 | user=unknown | LOGIN | FAIL | Login error
2026-01-29 10:36:19 | user=196 | LOGIN | SUCCESS | ip=0:0:0:0:0:0:0:1
2026-01-29 10:36:23 | user=196 | DELETE_POST | SUCCESS | postId=152
2026-01-29 10:41:04 | user=unknown | LOGIN | FAIL | Login error
2026-01-29 10:41:05 | user=196 | LOGIN | SUCCESS | ip=0:0:0:0:0:0:0:1
2026-01-29 10:41:05 | user=196 | LOGIN | SUCCESS | ip=0:0:0:0:0:0:0:1
2026-01-29 10:41:15 | user=196 | CREATE_POST | SUCCESS | postId=153
2026-01-29 10:43:30 | user=unknown | LOGIN | FAIL | Login error
2026-01-29 10:43:32 | user=196 | LOGIN | SUCCESS | ip=0:0:0:0:0:0:0:1
2026-01-29 10:44:26 | user=unknown | LOGIN | FAIL | Login error
2026-01-29 10:44:27 | user=196 | LOGIN | SUCCESS | ip=0:0:0:0:0:0:0:1
2026-01-29 10:44:27 | user=196 | LOGIN | SUCCESS | ip=0:0:0:0:0:0:0:1
2026-01-29 10:49:12 | user=unknown | LOGIN | FAIL | Login error
2026-01-29 10:49:14 | user=196 | LOGIN | SUCCESS | ip=0:0:0:0:0:0:0:1
2026-01-29 10:49:21 | user=196 | DELETE_POST | SUCCESS | postId=153
2026-01-29 10:56:58 | user=unknown | LOGIN | FAIL | Login error
2026-01-29 10:57:00 | user=196 | LOGIN | SUCCESS | ip=0:0:0:0:0:0:0:1
2026-01-29 10:57:08 | user=196 | CREATE_POST | SUCCESS | postId=154
2026-01-29 10:57:25 | user=196 | EDIT_POST | SUCCESS | postId=154
2026-01-29 10:57:30 | user=196 | comment creation  | SUCCESS | commentId=182
2026-01-29 10:57:34 | user=196 | EDIT_COMMENT | SUCCESS | commentId=182
2026-01-29 10:57:36 | user=196 | DELETE_COMMENT | SUCCESS | commentId=182
2026-01-29 10:57:43 | user=196 | comment creation  | SUCCESS | commentId=183
2026-01-29 10:57:46 | user=196 | DELETE_COMMENT | SUCCESS | commentId=183
2026-01-29 10:57:50 | user=196 | DELETE_POST | SUCCESS | postId=154
2026-01-29 11:02:10 | user=unknown | LOGIN | FAIL | Login error
2026-01-29 11:02:11 | user=196 | LOGIN | SUCCESS | ip=0:0:0:0:0:0:0:1
2026-01-29 11:05:36 | user=unknown | LOGIN | FAIL | Login error
2026-01-29 11:05:38 | user=146 | LOGIN | SUCCESS | ip=0:0:0:0:0:0:0:1
2026-01-29 11:14:57 | user=146 | LOGIN | SUCCESS | ip=0:0:0:0:0:0:0:1
2026-01-29 11:15:55 | user=unknown | LOGIN | FAIL | Login error
2026-01-29 11:15:56 | user=146 | LOGIN | SUCCESS | ip=0:0:0:0:0:0:0:1
2026-01-29 11:16:02 | user=146 | EDIT_POST | failure | postId=138
2026-01-29 11:16:02 | user=146 | EDIT_POST | SUCCESS | postId=138
2026-01-29 11:22:07 | user=unknown | LOGIN | FAIL | Login error
2026-01-29 11:22:08 | user=146 | LOGIN | SUCCESS | ip=0:0:0:0:0:0:0:1
2026-01-29 11:24:11 | user=unknown | LOGIN | FAIL | Login error
2026-01-29 11:24:13 | user=146 | LOGIN | SUCCESS | ip=0:0:0:0:0:0:0:1
2026-01-29 11:24:19 | user=146 | EDIT_POST | failure | postId=138
2026-01-29 11:24:19 | user=146 | EDIT_POST | SUCCESS | postId=138
2026-01-29 11:24:21 | user=146 | EDIT_POST | failure | postId=138
2026-01-29 11:24:21 | user=146 | EDIT_POST | SUCCESS | postId=138
2026-01-29 11:24:34 | user=146 | EDIT_POST | failure | postId=138
2026-01-29 11:24:34 | user=146 | EDIT_POST | SUCCESS | postId=138
2026-01-29 11:25:06 | user=196 | LOGIN | SUCCESS | ip=0:0:0:0:0:0:0:1
2026-01-29 11:25:06 | user=196 | LOGIN | SUCCESS | ip=0:0:0:0:0:0:0:1
2026-01-29 11:25:17 | user=196 | comment creation  | SUCCESS | commentId=184
2026-01-29 11:25:21 | user=196 | EDIT_COMMENT | SUCCESS | commentId=184
2026-01-29 11:25:28 | user=196 | EDIT_COMMENT | SUCCESS | commentId=184
2026-01-29 11:25:31 | user=196 | DELETE_COMMENT | SUCCESS | commentId=184
2026-01-29 12:04:26 | user=unknown | LOGIN | FAIL | Login error
2026-01-29 12:04:32 | user=196 | LOGIN | SUCCESS | ip=0:0:0:0:0:0:0:1
2026-01-29 12:07:59 | user=unknown | LOGIN | FAIL | Login error
2026-01-29 12:08:01 | user=196 | LOGIN | SUCCESS | ip=0:0:0:0:0:0:0:1
2026-01-29 12:18:23 | user=unknown | LOGIN | FAIL | Login error
2026-01-29 12:18:25 | user=196 | LOGIN | SUCCESS | ip=0:0:0:0:0:0:0:1
2026-01-29 12:18:31 | user=196 | LOGOUT | SUCCESS | session invalidated
2026-01-29 12:18:42 | user=176 | Google login | success |  from  ip= 0:0:0:0:0:0:0:1
2026-01-29 12:23:59 | user=unknown | LOGIN | FAIL | Login error
2026-01-29 12:24:00 | user=196 | LOGIN | SUCCESS | ip=0:0:0:0:0:0:0:1
2026-01-29 12:28:18 | user=unknown | LOGIN | FAIL | Login error
2026-01-29 12:28:20 | user=196 | LOGIN | SUCCESS | ip=0:0:0:0:0:0:0:1
2026-01-29 12:28:30 | user=196 | CREATE_POST | SUCCESS | postId=155
2026-01-29 12:28:36 | user=196 | comment creation  | SUCCESS | commentId=185
2026-01-29 12:28:39 | user=196 | DELETE_POST | SUCCESS | postId=155
2026-01-29 12:28:45 | user=196 | LOGOUT | SUCCESS | session invalidated
2026-01-29 12:28:48 | user=196 | LOGIN | SUCCESS | ip=0:0:0:0:0:0:0:1
2026-01-29 12:49:43 | user=unknown | LOGIN | FAIL | Login error
2026-01-29 12:49:45 | user=196 | LOGIN | SUCCESS | ip=0:0:0:0:0:0:0:1
2026-01-29 12:52:18 | user=unknown | LOGIN | FAIL | Login error
2026-01-29 12:52:20 | user=196 | LOGIN | SUCCESS | ip=0:0:0:0:0:0:0:1
2026-01-29 12:53:33 | user=unknown | LOGIN | FAIL | Login error
2026-01-29 12:53:34 | user=196 | LOGIN | SUCCESS | ip=0:0:0:0:0:0:0:1
2026-01-29 12:53:34 | user=196 | LOGIN | SUCCESS | ip=0:0:0:0:0:0:0:1
2026-01-29 12:53:47 | user=196 | CREATE_POST | SUCCESS | postId=156
2026-01-29 12:53:55 | user=196 | CREATE_POST | SUCCESS | postId=157
2026-01-29 12:54:06 | user=196 | CREATE_POST | SUCCESS | postId=158
2026-01-29 12:54:20 | user=196 | DELETE_POST | SUCCESS | postId=158
2026-01-29 12:54:23 | user=196 | DELETE_POST | SUCCESS | postId=157
2026-01-29 12:54:28 | user=196 | DELETE_POST | SUCCESS | postId=156
2026-01-29 12:54:43 | user=196 | comment creation  | SUCCESS | commentId=186
2026-01-29 12:54:48 | user=196 | EDIT_COMMENT | SUCCESS | commentId=186
2026-01-29 12:56:18 | user=196 | LOGOUT | SUCCESS | session invalidated
2026-01-29 12:56:31 | user=176 | Google login | success |  from  ip= 0:0:0:0:0:0:0:1
2026-01-29 12:56:45 | user=176 | CREATE_POST | SUCCESS | postId=159
2026-01-29 12:57:07 | user=146 | LOGIN | SUCCESS | ip=0:0:0:0:0:0:0:1
2026-01-29 12:57:10 | user=146 | CREATE_POST | SUCCESS | postId=160
2026-01-29 12:57:28 | user=146 | CREATE_POST | SUCCESS | postId=161
2026-01-29 12:58:08 | user=146 | CREATE_POST | SUCCESS | postId=162
2026-01-29 12:58:19 | user=176 | LOGOUT | SUCCESS | session invalidated
2026-01-29 12:58:30 | user=146 | LOGIN | SUCCESS | ip=0:0:0:0:0:0:0:1
2026-01-29 12:59:46 | user=146 | DELETE_POST | SUCCESS | postId=161
2026-01-29 12:59:52 | user=146 | DELETE_POST | SUCCESS | postId=160
2026-01-29 12:59:54 | user=146 | DELETE_POST | SUCCESS | postId=162
2026-01-29 13:00:01 | user=146 | DELETE_POST | SUCCESS | postId=151
2026-01-29 13:00:09 | user=146 | DELETE_POST | SUCCESS | postId=150
2026-01-29 13:17:59 | user=unknown | LOGIN | FAIL | Login error
2026-01-29 13:18:00 | user=146 | LOGIN | SUCCESS | ip=0:0:0:0:0:0:0:1
2026-01-29 13:18:02 | user=146 | LOGOUT | SUCCESS | session invalidated
2026-01-29 13:18:12 | user=176 | Google login | success |  from  ip= 0:0:0:0:0:0:0:1
2026-01-29 13:19:05 | user=-1 | google signup | failure | ip=+request.getRemoteAddr()
2026-01-29 13:19:14 | user=146 | LOGIN | SUCCESS | ip=0:0:0:0:0:0:0:1
2026-01-29 13:19:15 | user=146 | LOGOUT | SUCCESS | session invalidated
2026-01-29 13:19:25 | user=176 | Google login | success |  from  ip= 0:0:0:0:0:0:0:1
2026-01-29 13:20:23 | user=176 | LOGOUT | SUCCESS | session invalidated
2026-01-29 13:20:32 | user=176 | Google login | success |  from  ip= 0:0:0:0:0:0:0:1
2026-01-29 13:22:55 | user=unknown | LOGIN | FAIL | Login error
2026-01-29 13:23:24 | user=176 | Google login | success |  from  ip= 0:0:0:0:0:0:0:1
2026-01-29 13:24:31 | user=176 | LOGOUT | SUCCESS | session invalidated
2026-01-29 13:27:31 | user=176 | Google login | success |  from  ip= 0:0:0:0:0:0:0:1
2026-01-29 13:27:34 | user=176 | LOGOUT | SUCCESS | session invalidated
2026-01-29 13:51:16 | user=146 | LOGIN | SUCCESS | ip=0:0:0:0:0:0:0:1
2026-01-29 14:32:26 | user=146 | LOGIN | SUCCESS | ip=0:0:0:0:0:0:0:1
2026-01-29 14:32:32 | user=146 | comment creation  | SUCCESS | commentId=187
2026-01-29 17:36:32 | user=146 | LOGIN | SUCCESS | ip=0:0:0:0:0:0:0:1
2026-01-29 17:36:37 | user=146 | DELETE_COMMENT | SUCCESS | commentId=187
2026-01-29 17:36:44 | user=146 | LOGOUT | SUCCESS | session invalidated
